
U-Boot SPL 2016.05-00002-ge7efa48 (Jun 15 2017 - 18:47:59)
DRA722-GP ES2.0
MMC Device 1 not found
*** Warning - No MMC card found, using default environment

Trying to boot from MMC1
spl: falcon_args_file not set in environment, falling back to default
reading args
spl_load_image_fat_os: error reading image args, err - -1
reading u-boot.img
reading u-boot.img
reading u-boot.img
reading u-boot.img


U-Boot 2016.05-00002-ge7efa48 (Jun 15 2017 - 18:47:59 +0530)

CPU  : DRA722-GP ES2.0
Model: TI DRA722 Rev C EVM
Board: DRA72x EVM REV C.1
DRAM:  2 GiB
MMC:   OMAP SD/MMC: 0, OMAP SD/MMC: 1
SCSI:  SATA link 0 timeout.
AHCI 0001.0300 32 slots 1 ports 3 Gbps 0x1 impl SATA mode
flags: 64bit ncq stag pm led clo only pmp pio slum part ccc apst 
scanning bus for devices...
Found 0 device(s).
Net:   Could not get PHY for ethernet@48484000: addr 2

Warning: ethernet@48484000 using MAC address from ROM
eth0: ethernet@48484000
Hit any key to stop autoboot:  2  1  0 
switch to partitions #0, OK
mmc0 is current device
SD/MMC found on device 0
reading boot.scr
** Unable to read file boot.scr **
reading uEnv.txt
166 bytes read in 3 ms (53.7 KiB/s)
Loaded env from uEnv.txt
Importing environment from mmc0 ...
switch to partitions #0, OK
mmc0 is current device
SD/MMC found on device 0
3634096 bytes read in 175 ms (19.8 MiB/s)
105086 bytes read in 14 ms (7.2 MiB/s)
Booting from mmc0 ...
Kernel image @ 0x82000000 [ 0x000000 - 0x3773b0 ]
## Flattened Device Tree blob at 88000000
   Booting using the fdt blob at 0x88000000
   Loading Device Tree to 8ffe3000, end 8ffffa7d ... OK

Starting kernel ...

[    0.000000] Booting Linux on physical CPU 0x0
[    0.000000] Initializing cgroup subsys cpuset
[    0.000000] Initializing cgroup subsys cpu
[    0.000000] Initializing cgroup subsys cpuacct
[    0.000000] Linux version 4.4.45-00013-ga31ee15 (a0132007@bangvideoapps02) (gcc version 5.3.1 20160113 (Linaro GCC 5.3-2016.02) ) #1 SMP PREEMPT Thu Jun 15 18:41:06 IST 2017
[    0.000000] CPU: ARMv7 Processor [412fc0f2] revision 2 (ARMv7), cr=30c5387d
[    0.000000] CPU: PIPT / VIPT nonaliasing data cache, PIPT instruction cache
[    0.000000] Machine model: TI DRA722 Rev C EVM
[    0.000000] Reserved memory: regions without no-map are not yet supported
[    0.000000] Reserved memory: created CMA memory pool at 0x0000000099000000, size 80 MiB
[    0.000000] Reserved memory: initialized node ipu2_cma@95800000, compatible id shared-dma-pool
[    0.000000] Reserved memory: created CMA memory pool at 0x000000009e000000, size 32 MiB
[    0.000000] Reserved memory: initialized node ipu1_cma@9d000000, compatible id shared-dma-pool
[    0.000000] Reserved memory: regions without no-map are not yet supported
[    0.000000] Reserved memory: created CMA memory pool at 0x00000000a1000000, size 32 MiB
[    0.000000] Reserved memory: initialized node dsp1_cma@99000000, compatible id shared-dma-pool
[    0.000000] Reserved memory: created DMA memory pool at 0x00000000a9000000, size 64 MiB
[    0.000000] Reserved memory: initialized node cmem@A9000000, compatible id shared-dma-pool
[    0.000000] cma: Reserved 24 MiB at 0x00000000be400000
[    0.000000] Forcing write-allocate cache policy for SMP
[    0.000000] Memory policy: Data cache writealloc
[    0.000000] OMAP4: Map 0x00000000bfd00000 to fe600000 for dram barrier
[    0.000000] DRA722 ES2.0
[    0.000000] PERCPU: Embedded 11 pages/cpu @ef646000 s14848 r8192 d22016 u45056
[    0.000000] Built 1 zonelists in Zone order, mobility grouping on.  Total pages: 243264
[    0.000000] Kernel command line: console=ttyO0,115200n8 vram=16M root=PARTUUID=c8f8625d-02 rw rootwait ip=none mem=1024M
[    0.000000] PID hash table entries: 4096 (order: 2, 16384 bytes)
[    0.000000] Dentry cache hash table entries: 131072 (order: 7, 524288 bytes)
[    0.000000] Inode-cache hash table entries: 65536 (order: 6, 262144 bytes)
[    0.000000] Memory: 427180K/979968K available (6627K kernel code, 371K rwdata, 2492K rodata, 332K init, 290K bss, 380756K reserved, 172032K cma-reserved, 234496K highmem)
[    0.000000] Virtual kernel memory layout:
[    0.000000]     vector  : 0xffff0000 - 0xffff1000   (   4 kB)
[    0.000000]     fixmap  : 0xffc00000 - 0xfff00000   (3072 kB)
[    0.000000]     vmalloc : 0xf0800000 - 0xff800000   ( 240 MB)
[    0.000000]     lowmem  : 0xc0000000 - 0xf0000000   ( 768 MB)
[    0.000000]     pkmap   : 0xbfe00000 - 0xc0000000   (   2 MB)
[    0.000000]     modules : 0xbf000000 - 0xbfe00000   (  14 MB)
[    0.000000]       .text : 0xc0008000 - 0xc08f0044   (9121 kB)
[    0.000000]       .init : 0xc08f1000 - 0xc0944000   ( 332 kB)
[    0.000000]       .data : 0xc0944000 - 0xc09a0fd0   ( 372 kB)
[    0.000000]        .bss : 0xc09a2000 - 0xc09ea880   ( 291 kB)
[    0.000000] SLUB: HWalign=64, Order=0-3, MinObjects=0, CPUs=1, Nodes=1
[    0.000000] Preemptible hierarchical RCU implementation.
[    0.000000] 	Build-time adjustment of leaf fanout to 32.
[    0.000000] 	RCU restricting CPUs from NR_CPUS=2 to nr_cpu_ids=1.
[    0.000000] RCU: Adjusting geometry for rcu_fanout_leaf=32, nr_cpu_ids=1
[    0.000000] NR_IRQS:16 nr_irqs:16 16
[    0.000000] ti_dt_clocks_register: failed to lookup clock node gmac_gmii_ref_clk_div
[    0.000000] OMAP clockevent source: timer1 at 32786 Hz
[    0.000000] Architected cp15 timer(s) running at 6.14MHz (phys).
[    0.000000] clocksource: arch_sys_counter: mask: 0xffffffffffffff max_cycles: 0x16af5adb9, max_idle_ns: 440795202250 ns
[    0.000005] sched_clock: 56 bits at 6MHz, resolution 162ns, wraps every 4398046511023ns
[    0.000016] Switching to timer-based delay loop, resolution 162ns
[    0.000336] clocksource: 32k_counter: mask: 0xffffffff max_cycles: 0xffffffff, max_idle_ns: 58327039986419 ns
[    0.000343] OMAP clocksource: 32k_counter at 32768 Hz
[    0.000794] Console: colour dummy device 80x30
[    0.000810] WARNING: Your 'console=ttyO0' has been replaced by 'ttyS0'
[    0.000817] This ensures that you still see kernel messages. Please
[    0.000822] update your kernel commandline.
[    0.000833] Calibrating delay loop (skipped), value calculated using timer frequency.. 12.29 BogoMIPS (lpj=61475)
[    0.000846] pid_max: default: 32768 minimum: 301
[    0.000938] Mount-cache hash table entries: 2048 (order: 1, 8192 bytes)
[    0.000948] Mountpoint-cache hash table entries: 2048 (order: 1, 8192 bytes)
[    0.001477] Initializing cgroup subsys io
[    0.001493] Initializing cgroup subsys memory
[    0.001518] Initializing cgroup subsys devices
[    0.001531] Initializing cgroup subsys freezer
[    0.001542] Initializing cgroup subsys perf_event
[    0.001554] Initializing cgroup subsys pids
[    0.001579] CPU: Testing write buffer coherency: ok
[    0.001779] /cpus/cpu@0 missing clock-frequency property
[    0.001791] CPU0: thread -1, cpu 0, socket 0, mpidr 80000000
[    0.001827] Setting up static identity map for 0x80008380 - 0x800083e0
[    0.050003] Brought up 1 CPUs
[    0.050013] SMP: Total of 1 processors activated (12.29 BogoMIPS).
[    0.050020] CPU: All CPU(s) started in HYP mode.
[    0.050026] CPU: Virtualization extensions available.
[    0.050329] devtmpfs: initialized
[    0.080043] VFP support v0.3: implementor 41 architecture 4 part 30 variant f rev 0
[    0.081043] omap_hwmod: l3_main_2 using broken dt data from ocp
[    0.173581] omap_hwmod: vpe: no dt node
[    0.173591] ------------[ cut here ]------------
[    0.173606] WARNING: CPU: 0 PID: 1 at arch/arm/mach-omap2/omap_hwmod.c:2523 _init.constprop.23+0x200/0x428()
[    0.173613] omap_hwmod: vpe: doesn't have mpu register target base
[    0.173619] Modules linked in:
[    0.173633] CPU: 0 PID: 1 Comm: swapper/0 Not tainted 4.4.45-00013-ga31ee15 #1
[    0.173640] Hardware name: Generic DRA72X (Flattened Device Tree)
[    0.173647] Backtrace: 
[    0.173673] [<c00131b8>] (dump_backtrace) from [<c00133b4>] (show_stack+0x18/0x1c)
[    0.173680]  r7:c08fe01c r6:60000013 r5:00000000 r4:c0970e0c
[    0.173709] [<c001339c>] (show_stack) from [<c02b4e0c>] (dump_stack+0x8c/0xa0)
[    0.173721] [<c02b4d80>] (dump_stack) from [<c0034f6c>] (warn_slowpath_common+0x88/0xb8)
[    0.173727]  r7:c08fe01c r6:000009db r5:00000009 r4:ef06fe58
[    0.173750] [<c0034ee4>] (warn_slowpath_common) from [<c0034fd4>] (warn_slowpath_fmt+0x38/0x40)
[    0.173756]  r8:000000ab r7:ef1ac400 r6:00000000 r5:00000000 r4:c08257b0
[    0.173781] [<c0034fa0>] (warn_slowpath_fmt) from [<c08fe01c>] (_init.constprop.23+0x200/0x428)
[    0.173788]  r3:c0827a90 r2:c08257b0
[    0.173798]  r4:c0954e98
[    0.173810] [<c08fde1c>] (_init.constprop.23) from [<c08fe374>] (__omap_hwmod_setup_all+0x48/0x98)
[    0.173816]  r10:00000000 r9:c08f1600 r8:000000ab r7:ef1ac400 r6:c09496b0 r5:c094bb38
[    0.173838]  r4:c0954e98
[    0.173850] [<c08fe32c>] (__omap_hwmod_setup_all) from [<c000982c>] (do_one_initcall+0x98/0x1e4)
[    0.173856]  r5:c08fe32c r4:c09496b0
[    0.173872] [<c0009794>] (do_one_initcall) from [<c08f1f68>] (kernel_init_freeable+0x1d4/0x268)
[    0.173878]  r10:00000002 r9:c08f1600 r8:000000ab r7:c0931820 r6:c093eff4 r5:c09a2000
[    0.173899]  r4:c09a2000
[    0.173915] [<c08f1d94>] (kernel_init_freeable) from [<c0679ce4>] (kernel_init+0x18/0xf4)
[    0.173921]  r10:00000000 r9:00000000 r8:00000000 r7:00000000 r6:00000000 r5:c0679ccc
[    0.173941]  r4:c09a2000
[    0.173955] [<c0679ccc>] (kernel_init) from [<c000fb88>] (ret_from_fork+0x14/0x2c)
[    0.173961]  r5:c0679ccc r4:00000000
[    0.173983] ---[ end trace 7f088e8231bc45c4 ]---
[    0.176029] omap_hwmod: wd_timer2: no dt node
[    0.176035] ------------[ cut here ]------------
[    0.176047] WARNING: CPU: 0 PID: 1 at arch/arm/mach-omap2/omap_hwmod.c:2523 _init.constprop.23+0x200/0x428()
[    0.176054] omap_hwmod: wd_timer2: doesn't have mpu register target base
[    0.176059] Modules linked in:
[    0.176071] CPU: 0 PID: 1 Comm: swapper/0 Tainted: G        W       4.4.45-00013-ga31ee15 #1
[    0.176077] Hardware name: Generic DRA72X (Flattened Device Tree)
[    0.176082] Backtrace: 
[    0.176099] [<c00131b8>] (dump_backtrace) from [<c00133b4>] (show_stack+0x18/0x1c)
[    0.176105]  r7:c08fe01c r6:60000013 r5:00000000 r4:c0970e0c
[    0.176129] [<c001339c>] (show_stack) from [<c02b4e0c>] (dump_stack+0x8c/0xa0)
[    0.176140] [<c02b4d80>] (dump_stack) from [<c0034f6c>] (warn_slowpath_common+0x88/0xb8)
[    0.176145]  r7:c08fe01c r6:000009db r5:00000009 r4:ef06fe58
[    0.176166] [<c0034ee4>] (warn_slowpath_common) from [<c0034fd4>] (warn_slowpath_fmt+0x38/0x40)
[    0.176172]  r8:000000ab r7:ef1ac400 r6:00000000 r5:00000000 r4:c08257b0
[    0.176196] [<c0034fa0>] (warn_slowpath_fmt) from [<c08fe01c>] (_init.constprop.23+0x200/0x428)
[    0.176202]  r3:c0824ad0 r2:c08257b0
[    0.176213]  r4:c0950018
[    0.176224] [<c08fde1c>] (_init.constprop.23) from [<c08fe374>] (__omap_hwmod_setup_all+0x48/0x98)
[    0.176230]  r10:00000000 r9:c08f1600 r8:000000ab r7:ef1ac400 r6:c09496b0 r5:c094bb38
[    0.176251]  r4:c0950018
[    0.176264] [<c08fe32c>] (__omap_hwmod_setup_all) from [<c000982c>] (do_one_initcall+0x98/0x1e4)
[    0.176269]  r5:c08fe32c r4:c09496b0
[    0.176284] [<c0009794>] (do_one_initcall) from [<c08f1f68>] (kernel_init_freeable+0x1d4/0x268)
[    0.176290]  r10:00000002 r9:c08f1600 r8:000000ab r7:c0931820 r6:c093eff4 r5:c09a2000
[    0.176310]  r4:c09a2000
[    0.176323] [<c08f1d94>] (kernel_init_freeable) from [<c0679ce4>] (kernel_init+0x18/0xf4)
[    0.176329]  r10:00000000 r9:00000000 r8:00000000 r7:00000000 r6:00000000 r5:c0679ccc
[    0.176349]  r4:c09a2000
[    0.176362] [<c0679ccc>] (kernel_init) from [<c000fb88>] (ret_from_fork+0x14/0x2c)
[    0.176368]  r5:c0679ccc r4:00000000
[    0.176379] ---[ end trace 7f088e8231bc45c5 ]---
[    0.268857] clocksource: jiffies: mask: 0xffffffff max_cycles: 0xffffffff, max_idle_ns: 19112604462750000 ns
[    0.273629] pinctrl core: initialized pinctrl subsystem
[    0.274528] NET: Registered protocol family 16
[    0.275467] DMA: preallocated 256 KiB pool for atomic coherent allocations
[    0.300184] cpuidle: using governor ladder
[    0.330207] cpuidle: using governor menu
[    0.338976] OMAP GPIO hardware version 0.1
[    0.345410] irq: no irq domain found for /ocp/l4@4a000000/scm@2000/pinmux@1400 !
[    0.368158] hw-breakpoint: found 5 (+1 reserved) breakpoint and 4 watchpoint registers.
[    0.368170] hw-breakpoint: maximum watchpoint size is 8 bytes.
[    0.368650] omap4_sram_init:Unable to allocate sram needed to handle errata I688
[    0.368660] omap4_sram_init:Unable to get sram pool needed to handle errata I688
[    0.369260] OMAP DMA hardware revision 0.0
[    0.450785] omap-dma-engine 4a056000.dma-controller: OMAP DMA engine driver (LinkedList1/2/3 supported)
[    0.451969] edma 43300000.edma: memcpy is disabled
[    0.456601] edma 43300000.edma: TI EDMA DMA engine driver
[    0.461085] omap-iommu 40d01000.mmu: 40d01000.mmu registered
[    0.461269] omap-iommu 40d02000.mmu: 40d02000.mmu registered
[    0.461432] omap-iommu 58882000.mmu: 58882000.mmu registered
[    0.461602] omap-iommu 55082000.mmu: 55082000.mmu registered
[    0.480710] pcf857x 0-0020: probed
[    0.481390] pcf857x 0-0021: probed
[    0.481758] palmas 0-0058: Irq flag is 0x00000000
[    0.484268] palmas 0-0058: Muxing GPIO 1d, PWM 0, LED 0
[    0.541555] omap_i2c 48070000.i2c: bus 0 rev0.12 at 400 kHz
[    0.560854] GPIO line 465 (vin6_sel_s0) hogged as output/low
[    0.560949] pcf857x 4-0026: probed
[    0.561258] pca953x 4-0020: failed reading register
[    0.561278] pca953x: probe of 4-0020 failed with error -121
[    0.561809] mcp230xx: probe of 4-0027 failed with error -121
[    0.562033] mcp230xx: probe of 4-0021 failed with error -121
[    0.562256] mcp230xx: probe of 4-0025 failed with error -121
[    0.562978] omap_i2c 4807c000.i2c: bus 4 rev0.12 at 400 kHz
[    0.563183] media: Linux media interface: v0.10
[    0.563232] Linux video capture interface: v2.00
[    0.563271] pps_core: LinuxPPS API ver. 1 registered
[    0.563278] pps_core: Software ver. 5.3.6 - Copyright 2005-2007 Rodolfo Giometti <giometti@linux.it>
[    0.563300] PTP clock support registered
[    0.563341] EDAC MC: Ver: 3.0.0
[    0.571224] omap-mailbox 48840000.mailbox: omap mailbox rev 0x400
[    0.571428] omap-mailbox 48842000.mailbox: omap mailbox rev 0x400
[    0.571772] Advanced Linux Sound Architecture Driver Initialized.
[    0.572626] clocksource: Switched to clocksource arch_sys_counter
[    0.582648] NET: Registered protocol family 2
[    0.583158] TCP established hash table entries: 8192 (order: 3, 32768 bytes)
[    0.583221] TCP bind hash table entries: 8192 (order: 4, 65536 bytes)
[    0.583346] TCP: Hash tables configured (established 8192 bind 8192)
[    0.583400] UDP hash table entries: 512 (order: 2, 16384 bytes)
[    0.583430] UDP-Lite hash table entries: 512 (order: 2, 16384 bytes)
[    0.583637] NET: Registered protocol family 1
[    0.593929] RPC: Registered named UNIX socket transport module.
[    0.593938] RPC: Registered udp transport module.
[    0.593945] RPC: Registered tcp transport module.
[    0.593951] RPC: Registered tcp NFSv4.1 backchannel transport module.
[    0.594952] hw perfevents: enabled with armv7_cortex_a15 PMU driver, 7 counters available
[    0.597317] futex hash table entries: 256 (order: 2, 16384 bytes)
[    0.614942] squashfs: version 4.0 (2009/01/31) Phillip Lougher
[    0.625620] NFS: Registering the id_resolver key type
[    0.625653] Key type id_resolver registered
[    0.625661] Key type id_legacy registered
[    0.625729] ntfs: driver 2.1.32 [Flags: R/O].
[    0.627985] bounce: pool size: 64 pages
[    0.628154] Block layer SCSI generic (bsg) driver version 0.4 loaded (major 247)
[    0.628171] io scheduler noop registered
[    0.628185] io scheduler deadline registered
[    0.628222] io scheduler cfq registered (default)
[    0.630489] evm_5v0: supplied by evm_12v0
[    0.630547] ldo4: supplied by evm_5v0
[    0.633603] pinctrl-single 4a003400.pinmux: 282 pins at pa fc003400 size 1128
[    0.633753] pinctrl-single 4a002e8c.pinmux: 1 pins at pa fc002e8c size 4
[    0.636837] PCI host bridge /ocp/axi@0/pcie_rc@51000000 ranges:
[    0.636851]   No bus range found for /ocp/axi@0/pcie_rc@51000000, using [bus 00-ff]
[    0.636885]    IO 0x20003000..0x20012fff -> 0x00000000
[    0.636906]   MEM 0x20013000..0x2fffffff -> 0x20013000
[    0.666277] dra7-pcie 51000000.pcie_rc: link is not up
[    0.666449] dra7-pcie 51000000.pcie_rc: PCI host bridge to bus 0000:00
[    0.666463] pci_bus 0000:00: root bus resource [bus 00-ff]
[    0.666473] pci_bus 0000:00: root bus resource [io  0x0000-0xffff]
[    0.666483] pci_bus 0000:00: root bus resource [mem 0x20013000-0x2fffffff]
[    0.666900] PCI: bus0: Fast back to back transfers disabled
[    0.667020] PCI: bus1: Fast back to back transfers enabled
[    0.667109] pci 0000:00:00.0: BAR 0: assigned [mem 0x20100000-0x201fffff]
[    0.667124] pci 0000:00:00.0: BAR 1: assigned [mem 0x20020000-0x2002ffff]
[    0.667136] pci 0000:00:00.0: PCI bridge to [bus 01]
[    0.667366] pcieport 0000:00:00.0: Signaling PME through PCIe PME interrupt
[    0.689954] fpd3_serdes: probe of 7-002c failed with error -5
[    0.690109] fpd3_serdes 4-001b: Serializer fpd3_24b_ser ready
[    0.692005] fpd3_serdes 7-002c: Deserializer fpd3_24b_des ready
[    0.746450] Serial: 8250/16550 driver, 10 ports, IRQ sharing disabled
[    0.749799] 4806a000.serial: ttyS0 at MMIO 0x4806a000 (irq = 301, base_baud = 3000000) is a 8250
[    2.156472] console [ttyS0] enabled
[    2.160887] 48020000.serial: ttyS2 at MMIO 0x48020000 (irq = 302, base_baud = 3000000) is a 8250
[    2.170890] [drm] Initialized drm 1.1.0 20060810
[    2.177134] vsys_3v3: supplied by evm_12v0
[    2.181291] ldo5: supplied by vsys_3v3
[    2.185676] OMAP DSS rev 6.1
[    2.189441] omapdss_dss 58000000.dss: bound 58001000.dispc (ops dispc_component_ops)
[    2.197953] omapdss_dss 58000000.dss: bound 58040000.encoder (ops hdmi5_component_ops)
[    2.293701] loop: module loaded
[    2.297359] vmemexp device MAJOR num = 246
[    2.301486] vmemexp class registered
[    2.305226] /dev/vmemexp device registered
[    2.309340] ioctl DBUFIOC_EXPORT_VIRTMEM = -1072899120
[    2.317016] m25p80 spi32766.0: s25fl256s1 (32768 Kbytes)
[    2.322411] 7 ofpart partitions found on MTD device spi32766.0
[    2.328310] Creating 7 MTD partitions on "spi32766.0":
[    2.333487] 0x000000000000-0x000000040000 : "QSPI.SPL"
[    2.349597] 0x000000040000-0x000000140000 : "QSPI.u-boot"
[    2.365971] 0x000000140000-0x0000001c0000 : "QSPI.u-boot-spl-os"
[    2.382901] 0x0000001c0000-0x0000001d0000 : "QSPI.u-boot-env"
[    2.399544] 0x0000001d0000-0x0000001e0000 : "QSPI.u-boot-env.backup1"
[    2.416921] 0x0000001e0000-0x0000009e0000 : "QSPI.kernel"
[    2.433244] 0x0000009e0000-0x000002000000 : "QSPI.file-system"
[    2.451013] libphy: Fixed MDIO Bus: probed
[    2.502656] davinci_mdio 48485000.mdio: davinci mdio revision 1.6
[    2.508781] libphy: 48485000.mdio: probed
[    2.527360] davinci_mdio 48485000.mdio: phy[2]: device 48485000.mdio:02, driver TI DP83867
[    2.535717] davinci_mdio 48485000.mdio: phy[3]: device 48485000.mdio:03, driver TI DP83867
[    2.544739] cpsw 48484000.ethernet: Detected MACID = 5c:f8:21:14:54:de
[    2.551391] cpsw 48484000.ethernet: cpts: overflow check period 800
[    2.558471] cpsw 48484000.ethernet: cpsw: Detected MACID = 5c:f8:21:14:54:df
[    2.567126] mousedev: PS/2 mouse device common for all mice
[    2.583590] i2c /dev entries driver
[    2.588079] ov1063x 4-0037: Failed writing register 0x0103!
[    2.593735] ov1063x: probe of 4-0037 failed with error -121
[    2.599884] ov1063x 4-0030: Failed writing register 0x0103!
[    2.605511] ov1063x: probe of 4-0030 failed with error -121
[    2.611287] ov490 4-0024: Failed reading register 0x300a!
[    2.616733] ov490: probe of 4-0024 failed with error -121
[    2.627192] omap_hsmmc 4809c000.mmc: Got CD GPIO
[    2.653188] omap_hsmmc 480b4000.mmc: no pinctrl state for sdr25 mode
[    2.659573] omap_hsmmc 480b4000.mmc: no pinctrl state for sdr12 mode
[    2.666142] evm_3v3: supplied by vsys_3v3
[    2.703097] omap_hsmmc 480d1000.mmc: no pinctrl state for sdr25 mode
[    2.710540] omap_hsmmc 480d1000.mmc: no pinctrl state for sdr12 mode
[    2.718971] omap_hsmmc 480d1000.mmc: no pinctrl state for hs mode
[    2.756603] mmc0: MAN_BKOPS_EN bit is not set
[    2.793388] mmc0: new HS200 MMC card at address 0001
[    2.808850] mmcblk0: mmc0:0001 MMC08G 7.25 GiB 
[    2.823681] mmcblk0boot0: mmc0:0001 MMC08G partition 1 8.00 MiB
[    2.839895] mmcblk0boot1: mmc0:0001 MMC08G partition 2 8.00 MiB
[    2.848759]  mmcblk0: p1 p2 p3 p4 p5 p6 p7 p8 p9 p10 p11 p12 p13 p14
[    3.043788] ledtrig-cpu: registered to indicate activity on CPUs
[    3.053013] aic_dvdd: supplied by evm_3v3
[    3.059440] omap-hdmi-audio omap-hdmi-audio.0.auto: snd-soc-dummy-dai <-> 58040000.encoder mapping ok
[    3.070259] NET: Registered protocol family 10
[    3.085629] sit: IPv6 over IPv4 tunneling driver
[    3.090817] NET: Registered protocol family 17
[    3.095573] Key type dns_resolver registered
[    3.099972] omap_voltage_late_init: Voltage driver support not added
[    3.106936] Adding alias for supply vdd,cpu0 -> vdd,4a003b20.oppdm
[    3.113166] Adding alias for supply vbb,cpu0 -> vbb,4a003b20.oppdm
[    3.119443] smps1: supplied by vsys_3v3
[    3.125095] Adding alias for supply vdd,cpu0 -> vdd,4a003b20.oppdm
[    3.131304] Adding alias for supply vbb,cpu0 -> vbb,4a003b20.oppdm
[    3.139516] Power Management for TI OMAP4+ devices.
[    3.144643] Registering SWP/SWPB emulation handler
[    3.151544] dmm 4e000000.dmm: initialized all PAT entries
[    3.159838] [drm] Supports vblank timestamp caching Rev 2 (21.10.2013).
[    3.166520] [drm] No driver support for vblank timestamp query.
[    3.172948] [drm] Initialized omapdrm 1.0.0 20110917 on minor 0
[    3.190474] omap_hsmmc 4809c000.mmc: Got CD GPIO
[    3.195391] evm_3v3_sd: supplied by evm_3v3
[    3.199689] ldo1: supplied by vsys_3v3
[    3.244082] asoc-simple-card sound@0: tlv320aic3x-hifi <-> 48468000.mcasp mapping ok
[    3.274066] hctosys: unable to open rtc device (rtc0)
[    3.291883] aic_dvdd: disabling
[    3.295096] vmmcwl_fixed: disabling
[    3.298810] ldo4: disabling
[    3.302113] ALSA device list:
[    3.305148]   #0: DRA7xx-EVM
[    3.308052]   #1: HDMI 58040000.encoder
[    3.315673] Waiting for root device PARTUUID=c8f8625d-02...
[    3.502684] mmc2: host does not support reading read-only switch, assuming write-enable
[    3.514059] mmc2: new ultra high speed DDR50 SDHC card at address aaaa
[    3.531033] mmcblk1: mmc2:aaaa SS04G 3.69 GiB 
[    3.544641]  mmcblk1: p1 p2
[    3.648048] EXT4-fs (mmcblk1p2): couldn't mount as ext3 due to feature incompatibilities
[    3.656775] EXT4-fs (mmcblk1p2): couldn't mount as ext2 due to feature incompatibilities
[    5.247912] EXT4-fs (mmcblk1p2): recovery complete
[    5.254675] EXT4-fs (mmcblk1p2): mounted filesystem with ordered data mode. Opts: (null)
[    5.262848] VFS: Mounted root (ext4 filesystem) on device 179:50.
[    5.270030] devtmpfs: mounted
[    5.273241] Freeing unused kernel memory: 332K (c08f1000 - c0944000)
[    5.279622] This architecture does not have kernel memory protection.
[    5.397040] systemd[1]: System time before build time, advancing clock.
[    5.422905] random: systemd: uninitialized urandom read (16 bytes read, 26 bits of entropy available)
[    5.435333] random: systemd: uninitialized urandom read (16 bytes read, 26 bits of entropy available)
[    5.447716] systemd[1]: systemd 229 running in system mode. (+PAM -AUDIT -SELINUX +IMA -APPARMOR +SMACK +SYSVINIT +UTMP -LIBCRYPTSETUP -GCRYPT +GNUTLS +ACL +XZ -LZ4 -SECCOMP +BLKID -ELFUTILS +KMOD -IDN)
[    5.466270] systemd[1]: Detected architecture arm.

Welcome to Arago 2016.12!

[    5.493539] systemd[1]: Set hostname to <dra7xx-evm>.
[    5.539800] random: systemd-gpt-aut: uninitialized urandom read (16 bytes read, 28 bits of entropy available)
[    5.551907] random: systemd-sysv-ge: uninitialized urandom read (16 bytes read, 28 bits of entropy available)
[    5.566811] random: systemd-gpt-aut: uninitialized urandom read (16 bytes read, 28 bits of entropy available)
[    5.582475] random: systemd-sysv-ge: uninitialized urandom read (16 bytes read, 28 bits of entropy available)
[    5.595992] random: systemd-sysv-ge: uninitialized urandom read (16 bytes read, 29 bits of entropy available)
[    5.668520] random: systemd: uninitialized urandom read (16 bytes read, 32 bits of entropy available)
[    5.678148] random: systemd: uninitialized urandom read (16 bytes read, 32 bits of entropy available)
[    5.688272] random: systemd: uninitialized urandom read (16 bytes read, 32 bits of entropy available)
[    6.122072] systemd[1]: sysinit.target: Found ordering cycle on sysinit.target/start
[    6.131344] systemd[1]: sysinit.target: Found dependency on alignment.service/start
[    6.139351] systemd[1]: sysinit.target: Found dependency on basic.target/start
[    6.146621] systemd[1]: sysinit.target: Found dependency on sockets.target/start
[    6.154065] systemd[1]: sysinit.target: Found dependency on dropbear.socket/stop
[    6.161494] systemd[1]: sysinit.target: Found dependency on sysinit.target/start
[    6.168937] systemd[1]: sysinit.target: Breaking ordering cycle by deleting job alignment.service/start
[    6.178388] systemd[1]: alignment.service: Job alignment.service/start deleted to break ordering cycle starting with sysinit.target/start
[ SKIP ] Ordering cycle found, skipping alignment.service
[    6.215404] systemd[1]: Listening on udev Control Socket.
[  OK  ] Listening on udev Control Socket.
[    6.251870] systemd[1]: Created slice User and Session Slice.
[  OK  ] Created slice User and Session Slice.
[    6.282862] systemd[1]: Reached target Swap.
[  OK  ] Reached target Swap.
[    6.302953] systemd[1]: Listening on Journal Socket (/dev/log).
[  OK  ] Listening on Journal Socket (/dev/log).
[    6.332898] systemd[1]: Listening on Syslog Socket.
[  OK  ] Listening on Syslog Socket.
[    6.352955] systemd[1]: Listening on Journal Socket.
[  OK  ] Listening on Journal Socket.
[    6.382944] systemd[1]: Listening on /dev/initctl Compatibility Named Pipe.
[  OK  ] Listening on /dev/initctl Compatibility Named Pipe.
[    6.412989] systemd[1]: Started Dispatch Password Requests to Console Directory Watch.
[  OK  ] Started Dispatch Password Requests to Console Directory Watch.
[    6.442957] systemd[1]: Started Forward Password Requests to Wall Directory Watch.
[  OK  ] Started Forward Password Requests to Wall Directory Watch.
[    6.473453] systemd[1]: Created slice System Slice.
[  OK  ] Created slice System Slice.
[    6.502875] systemd[1]: Reached target Slices.
[  OK  ] Reached target Slices.
[    6.524822] systemd[1]: Mounting Debug File System...
         Mounting Debug File System...
[    6.555187] systemd[1]: Mounting POSIX Message Queue File System...
         Mounting POSIX Message Queue File System...
[    6.594905] systemd[1]: Starting Setup Virtual Console...
         Starting Setup Virtual Console...
[    6.628135] systemd[1]: Starting Load Kernel Modules...
         Starting Load Kernel Modules...
[    6.663640] systemd[1]: Created slice system-serial\x2dgetty.slice.
[  OK  ] Created slice system-serial\x2dgetty.slice.
[    6.695440] systemd[1]: Mounting Temporary Directory...
         Mounting Temporary Directory...
[    6.725209] systemd[1]: Starting Create list of required static device nodes for the current kernel...
         Starting Create list of required st... nodes for the current kernel...
[    6.774989] systemd[1]: Starting Remount Root and Kernel File Systems...
         Starting Remount Root and Kernel File Systems...
[    6.806690] EXT4-fs (mmcblk1p2): re-mounted. Opts: (null)
[    6.813752] systemd[1]: Listening on Network Service Netlink Socket.
[  OK  ] Listening on Network Service Netlink Socket.
[    6.842936] systemd[1]: Reached target Remote File Systems.
[  OK  ] Reached target Remote File Systems.
[    6.872849] systemd[1]: Reached target Paths.
[  OK  ] Reached target Paths.
[    6.892920] systemd[1]: Listening on udev Kernel Socket.
[  OK  ] Listening on udev Kernel Socket.
[    6.925008] systemd[1]: Starting Journal Service...
         Starting Journal Service...
[    6.938095] systemd[1]: Created slice system-getty.slice.
[  OK  ] Created slice system-getty.slice.
[    6.975865] systemd[1]: Mounted POSIX Message Queue File System.
[  OK  ] Mounted POSIX Message Queue File System.
[    7.013087] systemd[1]: Mounted Debug File System.
[  OK  ] Mounted Debug File System.
[    7.043059] systemd[1]: Mounted Temporary Directory.
[  OK  ] Mounted Temporary Directory.
[    7.073115] systemd[1]: Started Journal Service.
[  OK  ] Started Journal Service.
[  OK  ] Started Setup Virtual Console.
[FAILED] Failed to start Load Kernel Modules.
See 'systemctl status systemd-modules-load.service' for details.
[  OK  ] Started Create list of required sta...ce nodes for the current kernel.
[  OK  ] Started Remount Root and Kernel File Systems.
         Starting udev Coldplug all Devices...
         Starting Create Static Device Nodes in /dev...
         Starting Apply Kernel Variables...
         Starting Flush Journal to Persistent Storage...
[  OK  ] Started Create Static Device Nodes in /dev.
[  OK  ] Started Apply Kernel Variables.
[    7.768197] systemd-journald[149]: Received request to flush runtime journal from PID 1
[  OK  ] Started Flush Journal to Persistent Storage.
[  OK  ] Reached target Local File Systems (Pre).
         Mounting /media/ram...
         Mounting /var/volatile...
         Starting udev Kernel Device Manager...
[  OK  ] Mounted /var/volatile.
[  OK  ] Mounted /media/ram.
[  OK  ] Started udev Kernel Device Manager.
         Starting Load/Save Random Seed...
[  OK  ] Reached target Local File Systems.
         Starting Create Volatile Files and Directories...[    8.454850] omap-rproc 58820000.ipu: assigned reserved memory node ipu1_cma@9d000000

[  OK  ] Started udev Coldplug all Devices.
[  OK  ] Started Load/Save Random Seed.
[    8.569543]  remoteproc0: 58820000.ipu is available
[    8.586119]  remoteproc0: Note: remoteproc is still under development and considered experimental.
[  OK  ] Started Create Volatile Files and Directories.
[    8.687500]  remoteproc0: THE BINARY FORMAT IS NOT YET FINALIZED, and backward compatibility isn't yet guaranteed.
[    8.758270]  remoteproc0: Direct firmware load for dra7-ipu1-fw.xem4 failed with error -2
[    8.766663] omap-rproc 55020000.ipu: assigned reserved memory node ipu2_cma@95800000
[    8.791696]  remoteproc0: failed to load dra7-ipu1-fw.xem4
[    8.801521]  remoteproc1: 55020000.ipu is available
[    8.852714]  remoteproc1: Note: remoteproc is still under development and considered experimental.
[    8.861716]  remoteproc1: THE BINARY FORMAT IS NOT YET FINALIZED, and backward compatibility isn't yet guaranteed.
[  OK  ] Found device /dev/ttyS0.
[    8.938575] omap_rng 48090000.rng: OMAP Random Number Generator ver. 20
[    8.971208] omap-des 480a5000.des: OMAP DES hw accel rev: 2.2
         Starting Network Time Synchronization...[    9.010411] alg: skcipher: setkey failed on test 5 for ecb-des-omap: flags=100

         Starting Update UTMP about System Boot/Shutdown...
[    9.084397]  remoteproc1: registered virtio0 (type 7)
[    9.112239] alg: skcipher-ddst: setkey failed on test 5 for ecb-des-omap: flags=100
[    9.178947] alg: skcipher-ddst: setkey failed on test 5 for ecb-des-omap: flags=100
[  OK  ] Started Network Time Synchronization.
[    9.283489] omap-rproc 40800000.dsp: assigned reserved memory node dsp1_cma@99000000
[    9.347093]  remoteproc2: 40800000.dsp is available
[    9.351996]  remoteproc2: Note: remoteproc is still under development and considered experimental.
[  OK  ] Started Update UTMP about System Boot/Shutdown.
[    9.479370]  remoteproc2: THE BINARY FORMAT IS NOT YET FINALIZED, and backward compatibility isn't yet guaranteed.
[    9.586744] omap_rtc 48838000.rtc: rtc core: registered 48838000.rtc as rtc0
[    9.616960]  remoteproc2: registered virtio1 (type 7)
         Starting Synchronize System and HW clocks...
[  OK  ] Reached target System Time Synchronized.
[  OK  ] Started Synchronize System and HW clocks.
[  OK  ] Reached target System Initialization.
[  OK  ] Listening on RPCbind Server Activation Socket.
[  OK  ] Started Daily Cleanup of Temporary Directories.
[  OK  ] Reached target Timers.
[  OK  ] Listening on D-Bus System Message Bus Socket.
[   10.281560] FAT-fs (mmcblk1p1): Volume was not properly unmounted. Some data may be corrupt. Please run fsck.
[  OK  ] Listening on Avahi mDNS/DNS-SD Stack Activation Socket.
[   10.356235] EXT4-fs (mmcblk0p11): recovery complete
[   10.364408] EXT4-fs (mmcblk0p11): mounted filesystem with ordered data mode. Opts: (null)
[  OK  ] Listening on dropbear.socket.
[  OK  ] Reached target Sockets.
[   10.430940] EXT4-fs (mmcblk0p10): recovery complete
[  OK  ] Reached target Basic System.[   10.454019] EXT4-fs (mmcblk0p10): mounted filesystem with ordered data mode. Opts: (null)

[  OK  ] Started Kernel Logging Service.
         Starting Save/Restore Sound Card State...
         Starting Telephony service...
[   10.586776] EXT4-fs (mmcblk0p14): recovery complete
[   10.629958] EXT4-fs (mmcblk0p14): mounted filesystem with ordered data mode. Opts: (null)
         Starting Permit User Sessions...
[  OK  ] Started System Logging Service.
[  OK  ] Started strongSwan IPsec IKEv1/IKEv2 daemon using ipsec.conf.
         Starting Avahi mDNS/DNS-SD Stack...
         Starting Print notice about GPLv3 packages...
[  OK  ] Started D-Bus System Message Bus.
[   11.132954] SCSI subsystem initialized
[   11.184382] random: nonblocking pool is initialized
[   11.189472] EXT4-fs (mmcblk0p6): recovery complete
[   11.208531] EXT4-fs (mmcblk0p6): mounted filesystem with ordered data mode. Opts: (null)
[   11.335356] ahci 4a140000.sata: SSS flag set, parallel bus scan disabled
[  OK  ] Started Telephony service.
[  OK  ] Started Avahi mDNS/DNS-SD Stack.
         Starting Network Service...
         Starting Login Service...
         Starting uim-sysfs.service...
[   11.411054] ahci 4a140000.sata: AHCI 0001.0300 32 slots 1 ports 3 Gbps 0x1 impl platform mode
[   11.490186] ahci 4a140000.sata: flags: 64bit ncq sntf stag pm led clo only pmp pio slum part ccc apst 
[   11.531763] Bluetooth: Core ver 2.21
[  OK  ] Started Save/Restore Sound Card State.
[  OK  ] Started Permit User Sessions.
[   11.572815] NET: Registered protocol family 31
[   11.587964] NET: Registered protocol family 15
[   11.608887] scsi host0: ahci
[   11.627241] Bluetooth: HCI device and connection manager initialized
[   11.649727] ata1: SATA max UDMA/133 mmio [mem 0x4a140000-0x4a1410ff] port 0x100 irq 339
[  OK  ] Started Network Service.
[   11.666769] net eth1: initializing cpsw version 1.15 (0)
[   11.715182] Bluetooth: HCI socket layer initialized
[   11.723947] net eth0: initialized cpsw ale version 1.4
[   11.771532] Bluetooth: L2CAP socket layer initialized
[   11.778630] net eth0: ALE Table size 1024
[   11.819307] Bluetooth: SCO socket layer initialized
[   12.093641] ata1: SATA link down (SStatus 0 SControl 300)
[   12.114087] omap-sham 4b101000.sham: hw accel on OMAP rev 4.3
[   12.165418] Initializing XFRM netlink socket
[   12.379272] net eth1: phy found : id is : 0x2000a231
[   12.500001] IPv6: ADDRCONF(NETDEV_UP): eth1: link is not ready
[   12.613777] CAN device driver interface
[   12.621046] net eth0: initializing cpsw version 1.15 (0)
[   13.037889] net eth0: phy found : id is : 0x2000a231
[   13.174284] omap-aes 4b500000.aes: OMAP AES hw accel rev: 3.3
[   13.224643] IPv6: ADDRCONF(NETDEV_UP): eth0: link is not ready
[   13.414961] omap-aes 4b700000.aes: OMAP AES hw accel rev: 3.3
[   13.477812] [drm] Initialized pvr 1.14.3699939 20110701 on minor 1
[   13.528625] c_can_platform 4ae3c000.can: c_can_platform device registered (regs=fce3c000, irq=350)
[   15.599883]  remoteproc1: powering up 55020000.ipu
[   15.683801]  remoteproc1: Booting fw image dra7-ipu2-fw.xem4, size 4743560
[   15.690783] omap-iommu 55082000.mmu: 55082000.mmu: version 2.1
[   15.872285]  remoteproc1: remote processor 55020000.ipu is now up
[   15.964850] virtio_rpmsg_bus virtio0: rpmsg host is online
***************************************************************
***************************************************************
NOTICE: This file system contains the following GPLv3 packages:
	autoconf
	binutils-dev
	binutils
	bison-dev
	bison
	cpp-symlinks
	cpp
	dosfstools
	g++-symlinks
	g++
	gawk-dev
	gawk
	gcc-symlinks
	gcc
	gdb
	gdbc6x
	gdbserver
	gstreamer1.0-libav
	libcairo-perf-utils
	libgmp10
	libidn11
	libmpc3
	libmpfr4
	m4-dev
	m4
	make
	nettle
	parted
	swig-dev
	swig

   16.016895]  remoteproc2: powering up 40800000.dsp
fI you do not wish to distribute GPLv3 components please remove
he above packages prior to distribution.  This can be done using
the opkg remove command.  i.e.:
    opkg remove <package>
Where <package> is the name printed in the list above

NOTE: If the package is a dependency of another package you
      will be notified of the dependent packages.  You should
      use the --force-removal-of-dependent-packages option to
      also remove the dependent packages as well
***************************************************************
***************************************************************
[  OK  ] Started Print notice about GPLv3 packages.
[   16.173934]  remoteproc2: Booting fw image dra7-dsp1-fw.xe66, size 1097758
[   16.187490] omap_hwmod: mmu0_dsp1: _wait_target_disable failed
[   16.193376] omap-iommu 40d01000.mmu: 40d01000.mmu: version 3.0
[   16.199313] omap-iommu 40d02000.mmu: 40d02000.mmu: version 3.0
[   16.392581]  remoteproc2: remote processor 40800000.dsp is now up
[   16.476468] virtio_rpmsg_bus virtio1: rpmsg host is online
[   16.482013] virtio_rpmsg_bus virtio0: creating channel rpmsg-proto addr 0x50
[   16.496341] virtio_rpmsg_bus virtio1: creating channel rpmsg-proto addr 0x50
[   16.545293] NET: Registered protocol family 41
[  OK  ] Started Login Service.
[  OK  ] Listening on Load/Save RF Kill Switch Status /dev/rfkill Watch.
[  OK  ] Reached target Sound Card.
[  OK  ] Reached target Network.
         Starting Network Name Resolution...
         Starting Lightning Fast Webserver With Light System Requirements...
[  OK  ] Started Getty on tty1.
[  OK  ] Started Serial Getty on ttyS0.
[  OK  ] Started Network Name Resolution.
[  OK  ] Started Lightning Fast Webserver With Light System Requirements.
[  OK  ] Started uim-sysfs.service.
         Starting rc.pvr.service...
[   17.386837] usbcore: registered new interface driver usbfs
[   17.394438] usbcore: registered new interface driver hub
[   17.400539] usbcore: registered new device driver usb
[   17.425883] PVR_K: UM DDK-(3699939) and KM DDK-(3699939) match. [ OK ]
[   17.454588] dwc3 48890000.usb: otg: primary host xhci-hcd.1.auto registered
[   17.461587] dwc3 48890000.usb: otg: shared host xhci-hcd.1.auto registered
[   17.475384] dwc3 48890000.usb: otg: can't start till gadget registers
[   17.484067] xhci-hcd xhci-hcd.2.auto: xHCI Host Controller
[   17.489893] xhci-hcd xhci-hcd.2.auto: new USB bus registered, assigned bus number 1
[   17.503456] xhci-hcd xhci-hcd.2.auto: hcc params 0x0220f04c hci version 0x100 quirks 0x00210010
[   17.512230] xhci-hcd xhci-hcd.2.auto: irq 476, io mem 0x488d0000
[  OK  ] Started rc.pvr.service.
[   17.539525] hub 1-0:1.0: USB hub found
[   17.543529] hub 1-0:1.0: 1 port detected
[   17.548885] xhci-hcd xhci-hcd.2.auto: xHCI Host Controller
[   17.564532] xhci-hcd xhci-hcd.2.auto: new USB bus registered, assigned bus number 2
[   17.578407] usb usb2: We don't know the algorithms for LPM for this host, disabling LPM.
         Starting weston.service...
[   17.601458] hub 2-0:1.0: USB hub found
[   17.613940] hub 2-0:1.0: 1 port detected
[  OK  ] Started weston.service.
         Starting tiipclad-daemon.service...
         Starting telnetd.service...
[  OK  ] Started tiipclad-daemon.service.
[  OK  ] Started telnetd.service.
         Starting thttpd.service...
[  OK  ] Started thttpd.service.
         Starting rng-tools.service...
[  OK  ] Started rng-tools.service.
         Starting gdbserverproxy.service...
[  OK  ] Started gdbserverproxy.service.
         Starting matrix-gui-2.0.service...
[  OK  ] Started matrix-gui-2.0.service.
         Starting thermal-zone-init.service...
[  OK  ] Started thermal-zone-init.service.

 _____                    _____           _         _   
|  _  |___ ___ ___ ___   |  _  |___ ___  |_|___ ___| |_ 
|     |  _| .'| . | . |  |   __|  _| . | | | -_|  _|  _|
|__|__|_| |__,|_  |___|  |__|  |_| |___|_| |___|___|_|  
              |___|                    |___|            

Arago Project http://arago-project.org dra7xx-evm ttyS0

Arago 2016.12 dra7xx-evm ttyS0

dra7xx-evm login: root
root@dra7xx-evm:~# cd /opt/vision_sdk/
FragShader.fsh                camnodes.sh                   jeep2.bmp                     pvrscope
FragShader3Dsfm.fsh           car.pod                       load_ocl_kos.sh               tda2exEnableAVB.sh
VertShader.vsh                cmemk.ko                      memcache_load.sh              test_data/
VertShader3Dsfm.vsh           disableDssInterruptsOnA15.sh  memcache_unload.sh            ub964Init.sh
VipClockInversion.sh          enableImx290.sh               models/                       vision_sdk_load.sh
apps.out                      enableIpu2CCSConectivity.sh   opencl_env.sh                 vision_sdk_ov490_pinmux.sh
bin/                          hdmiReceiverConfig.sh         ov106x3Config.sh              vision_sdk_unload.sh
root@dra7xx-evm:~# cd /opt/vision_sdk/da  test_data/
root@dra7xx-evm:/opt/vision_sdk/test_data# pwd
/opt/vision_sdk/test_data
root@dra7xx-evm:/opt/vision_sdk/test_data# export VX_TEST_DATA_PATH=/opt/vision_sdk/test_data
root@dra7xx-evm:/opt/vision_sdk/test_data# eho  cho $VX_TEST_DATA_PATH
/opt/vision_sdk/test_data
root@dra7xx-evm:/opt/vision_sdk/test_data# cd ../
root@dra7xx-evm:/opt/vision_sdk# ./vision_sdk_load.sh 
[   72.613022] DMA: Module install successful, device major num = 243 
[   72.619323] DRV: Module install successful
insmod: ERROR: could not load module ./bin/cmemk.ko: No such file or directory
Error: I2C Read failed
Error: I2C Read failed
Error: I2C Read failed
omapconf: powerdm_deinit(): cpu not supported!!!
omapconf: clockdm_deinit(): cpu not supported!!!
omapconf: powerdm_deinit(): cpu not supported!!!
omapconf: clockdm_deinit(): cpu not supported!!!
./disableDssInterruptsOnA15.sh: line 11: @0x4A002AD4:: command not found
omapconf: powerdm_deinit(): cpu not supported!!!
omapconf: clockdm_deinit(): cpu not supported!!!
./disableDssInterruptsOnA15.sh: line 12: @0x4A002AD4:: command not found
omapconf: powerdm_deinit(): cpu not supported!!!
omapconf: clockdm_deinit(): cpu not supported!!!
./disableDssInterruptsOnA15.sh: line 13: @0x4A002AD4:: command not found
omapconf: powerdm_deinit(): cpu not supported!!!
omapconf: clockdm_deinit(): cpu not supported!!!
./disableDssInterruptsOnA15.sh: line 14: @0x4A002AD4:: command not found
omapconf: powerdm_deinit(): cpu not supported!!!
omapconf: clockdm_deinit(): cpu not supported!!!
./disableDssInterruptsOnA15.sh: line 15: @0x4A002AD4:: command not found
omapconf: powerdm_deinit(): cpu not supported!!!
omapconf: clockdm_deinit(): cpu not supported!!!
./disableDssInterruptsOnA15.sh: line 16: @0x4A002AD4:: command not found
omapconf: powerdm_deinit(): cpu not supported!!!
omapconf: clockdm_deinit(): cpu not supported!!!
./disableDssInterruptsOnA15.sh: line 17: @0x4A002AD4:: command not found
omapconf: powerdm_deinit(): cpu not supported!!!
omapconf: clockdm_deinit(): cpu not supported!!!
./disableDssInterruptsOnA15.sh: line 18: @0x4A002AD4:: command not found
omapconf: powerdm_deinit(): cpu not supported!!!
omapconf: clockdm_deinit(): cpu not supported!!!
./disableDssInterruptsOnA15.sh: line 19: @0x4A002AD4:: command not found
updated 0x4A002AD4 value is 002F0000
omapconf: powerdm_deinit(): cpu not supported!!!
omapconf: clockdm_deinit(): cpu not supported!!!
root@dra7xx-evm:/opt/vision_sdk# ./
FragShader.fsh                cmemk.ko                      memcache_load.sh              tda2exEnableAVB.sh
VertShader.vsh                disableDssInterruptsOnA15.sh  memcache_unload.sh            test_data/
VipClockInversion.sh          enableImx290.sh               models/                       ub964Init.sh
apps.out                      enableIpu2CCSConectivity.sh   opencl_env.sh                 vision_sdk_load.sh
bin/                          hdmiReceiverConfig.sh         ov106x3Config.sh              vision_sdk_ov490_pinmux.sh
camnodes.sh                   load_ocl_kos.sh               pvrscope                      vision_sdk_unload.sh
root@dra7xx-evm:/opt/vision_sdk# ./apps.out 
 [HOST]  OSA: MEM: 0: Mapped 0xa0100000 to 0xb69f9000 of size 0x00100000 
 [HOST]  OSA: MEM: 1: Mapped 0x84203000 to 0xa1ff9000 of size 0x14a00000 
 [HOST]  OSA: MEM: 2: Mapped 0xa0200000 to 0xa1f39000 of size 0x00040000 
 [HOST]  OSA: MEM: 3: Mapped 0xa02c0000 to 0xa1f79000 of size 0x00080000 
 [HOST]  OSA: MEM: 4: Mapped 0xa0530000 to 0xa1d39000 of size 0x00200000 
 [HOST]  OSA: HOST Remote Log Shared Memory @ 0xa024f140
 [HOST]  OSA: DSP1 Remote Log Shared Memory @ 0xa02769e0
 [HOST]  OSA: IPU2 Remote Log Shared Memory @ 0xa0363da0
 [HOST] [HOST  ]     83.899896 s:  SYSTEM: System A15 Init in progress !!!
 [HOST] [HOST  ]     83.899987 s:  SYSTEM: IPC: Init in progress !!!
 [HOST] [HOST  ]     83.899987 s:  SYSTEM: IPC: Notify init in progress !!!
 [HOST] [HOST  ]     83.902336 s:  SYSTEM: IPC: [IPU2] socket bind success !!! (dst vproc = 1, endpt = 81)
 [HOST] [HOST  ]     83.902366 s:  SYSTEM: IPC: [IPU2] socket info (family = 41, dst proc id = -1, endpt = 81) !!!
 [HOST] [HOST  ]     83.902427 s:  SYSTEM: IPC: [IPU2] socket connect success !!! (dst vproc = 1, endpt = 80)
 [HOST] [HOST  ]     83.902427 s:  SYSTEM: IPC: [IPU2] socket info (family = 41, dst proc id = -1, endpt = 1024) !!!
 [HOST] [HOST  ]     83.904318 s:  SYSTEM: IPC: [DSP1] socket bind success !!! (dst vproc = 2, endpt = 81)
 [HOST] [HOST  ]     83.904318 s:  SYSTEM: IPC: [DSP1] socket info (family = 41, dst proc id = -1, endpt = 81) !!!
 [HOST] [HOST  ]     83.904349 s:  SYSTEM: IPC: [DSP1] socket connect success !!! (dst vproc = 2, endpt = 80)
 [HOST] [HOST  ]     83.904379 s:  SYSTEM: IPC: [DSP1] socket info (family = 41, dst proc id = -1, endpt = 1024) !!!
 [HOST] [HOST  ]     83.904501 s:  SYSTEM: IPC: Notify init DONE !!!
 [HOST] [HOST  ]     83.904532 s:  SYSTEM: MSGQ: MsgQ init in progress !!!
 [HOST] [HOST  ]     83.904623 s:  SYSTEM: MSGQ: MsgQ init DONE !!!
 [HOST] [HOST  ]     83.904623 s:  SYSTEM: IPC: Init DONE !!!
 [HOST] [HOST  ]     83.904623 s:  SYSTEM: Initializing A15 Links !!! 
 [HOST] [HOST  ]     83.904745 s:  IPC_OUT_0 : Init done - linkid-0x2000000
 [HOST] [HOST  ]     83.904837 s:  IPC_OUT_1 : Init done - linkid-0x2000001
 [HOST] [HOST  ]     83.904928 s:  IPC_OUT_2 : Init done - linkid-0x2000002
 [HOST] [HOST  ]     83.905020 s:  IPC_OUT_3 : Init done - linkid-0x2000003
 [HOST] [HOST  ]     83.905111 s:  IPC_OUT_4 : Init done - linkid-0x2000004
 [HOST] [HOST  ]     83.905203 s:  IPC_IN_0 : Init done - linkid-0x200000a
 [HOST] [HOST  ]     83.905294 s:  IPC_IN_1 : Init done - linkid-0x200000b
 [HOST] [HOST  ]     83.905386 s:  IPC_IN_2 : Init done - linkid-0x200000c
 [HOST] [HOST  ]     83.905508 s:  IPC_IN_3 : Init done - linkid-0x200000d
 [HOST] [HOST  ]     83.905569 s:  IPC_IN_4 : Init done - linkid-0x200000e
 [HOST] [HOST  ]     83.905965 s:  IPC_IN_5 : Init done - linkid-0x200000f
 [HOST] [HOST  ]     83.906057 s:  IPC_IN_6 : Init done - linkid-0x2000010
 [HOST] [HOST  ]     83.906179 s:  NULL_0 : Init done - linkid-0x2000014
 [HOST] [HOST  ]     83.906270 s:  NULL_1 : Init done - linkid-0x2000015
 [HOST] [HOST  ]     83.906392 s:  NULL_SRC_0 : Init done - linkid-0x2000039
 [HOST] [HOST  ]     83.906514 s:  ALGORITHM_0 : Init done - linkid-0x2000031
 [HOST] [HOST  ]     83.906606 s:  ALGORITHM_1 : Init done - linkid-0x2000032
 [HOST] [HOST  ]     83.906728 s:  ALGORITHM_2 : Init done - linkid-0x2000033
 [HOST] [HOST  ]     83.906819 s:  ALGORITHM_3 : Init done - linkid-0x2000034
 [HOST] [HOST  ]     83.906911 s:  ALGORITHM_4 : Init done - linkid-0x2000035
 [HOST] [HOST  ]     83.907002 s:  ALGORITHM_5 : Init done - linkid-0x2000036
 [HOST] [HOST  ]     83.907124 s:  ALGORITHM_6 : Init done - linkid-0x2000037
 [HOST] [HOST  ]     83.907216 s:  ALGORITHM_7 : Init done - linkid-0x2000038
 [HOST] [DSP1  ]     23.284969 s:  ***** DSP1 Firmware build time 18:53:45 Jun 15 2017
 [HOST] [DSP1  ]     23.285030 s:  *** SYSTEM: CPU Frequency <ORG = 600000000 Hz>, <NEW = 750000000 Hz>
 [HOST] [DSP1  ]     23.367870 s:  SYSTEM: System Common Init in progress !!!
 [HOST] [DSP1  ]     23.368114 s:  UTILS: CIO: Init Done !!!
 [HOST] [DSP1  ]     23.368144 s:  SYSTEM: IPC init in progress !!!
 [HOST] [DSP1  ]     23.368175 s:  SYSTEM: Attaching to [IPU2] ... 
 [HOST] [DSP1  ]     23.370005 s:  SYSTEM: Attaching to [IPU2] ... SUCCESS !!!
 [HOST] [DSP1  ]     23.370035 s:  SYSTEM: Notify register to [IPU2] line 0, event 15... 
 [HOST] [DSP1  ]     23.370096 s:  SYSTEM: Notify init done !!!
 [HOST] [DSP1  ]     23.370249 s:  SYSTEM: MsgQ init done !!!
 [HOST] [DSP1  ]     23.370340 s:  SYSTEM: IPC init DONE !!!
 [HOST] [DSP1  ]     23.371042 s:  VX_ZONE_INIT:Enabled
 [HOST] [DSP1  ]     23.371073 s:  VX_ZONE_ERROR:Enabled
 [HOST] [DSP1  ]     23.371103 s:  VX_ZONE_WARNING:Enabled
 [HOST] [DSP1  ]     23.371439 s:  VX_ZONE_INIT:[ownReserveC66xL2MEM:97] BAM memory config: IBUF 180224 bytes @ 0x00800000, WBUF 45056 bytes @ 0x0082c000 !!! 
 [HOST] [DSP1  ]     23.371774 s:  VX_ZONE_INIT:[tivxInit:48] Initialization Done !!!
 [HOST] [DSP1  ]     23.371805 s:  SYSTEM: System Common Init Done !!!
 [HOST] [DSP1  ]     23.371805 s:  SYSTEM: System DSP Init in progress !!!
 [HOST] [DSP1  ]     23.372079 s:  SYSTEM: SW Message Box Msg Pool, Free Msg Count = 1024 
 [HOST] [DSP1  ]     23.372110 s:  SYSTEM: Heap = LOCAL_L2             @ 0x00800000, Total size = 227264 B (221 KB), Free size = 227264 B (221 KB)
 [HOST] [DSP1  ]     23.372140 s:  SYSTEM: Heap = LOCAL_DDR            @ 0x00000000, Total size = 524288 B (512 KB), Free size = 521776 B (509 KB)
 [HOST] [DSP1  ]     23.372201 s:  SYSTEM: Initializing Links !!! 
 [HOST] [DSP1  ]     23.379247 s:  SYSTEM: Initializing Links ... DONE !!! 
 [HOST] [DSP1  ]     23.379277 s:  SYSTEM: System DSP Init Done !!!
 [HOST] [DSP1  ]     23.686878 s:  UTILS: XMC_MPU:  Segments used = 4
 [HOST] [DSP1  ]     23.686909 s:  SYSTEM: CACHE: L1P = 32 KB, L1D = 32 KB, L2 = 32 KB ... after boot !!!
 [HOST] [DSP1  ]     23.686939 s:  SYSTEM: CACHE: L1P = 32 KB, L1D = 32 KB, L2 = 32 KB ... after update by APP !!!
 [HOST] [IPU2  ]     22.798298 s:  ***** IPU2 Firmware build time 18:55:06 Jun 15 2017
 [HOST] [IPU2  ]     22.798511 s:  *** SYSTEM: CPU Frequency <ORG = 212800000 Hz>, <NEW = 212800000 Hz>
 [HOST] [IPU2  ]     22.857012 s:  SYSTEM: System Common Init in progress !!!
 [HOST] [IPU2  ]     22.866192 s:  UTILS: CIO: Init Done !!!
 [HOST] [IPU2  ]     22.866284 s:  SYSTEM: IPC init in progress !!!
 [HOST] [IPU2  ]     22.866406 s:  SYSTEM: Attaching to [DSP1] ... 
 [HOST] [IPU2  ]     23.370005 s:  SYSTEM: Attaching to [DSP1] ... SUCCESS !!!
 [HOST] [IPU2  ]     23.370096 s:  SYSTEM: Notify register to [DSP1] line 0, event 15... 
 [HOST] [IPU2  ]     23.370249 s:  SYSTEM: Notify init done !!!
 [HOST] [IPU2  ]     23.371957 s:  SYSTEM: MsgQ init done !!!
 [HOST] [IPU2  ]     23.372262 s:  SYSTEM: IPC init DONE !!!
 [HOST] [IPU2  ]     23.377478 s:  VX_ZONE_INIT:Enabled
 [HOST] [IPU2  ]     23.377630 s:  VX_ZONE_ERROR:Enabled
 [HOST] [IPU2  ]     23.377752 s:  VX_ZONE_WARNING:Enabled
 [HOST] [IPU2  ]     23.381321 s:  VX_ZONE_INIT:[tivxInit:48] Initialization Done !!!
 [HOST] [IPU2  ]     23.381443 s:  SYSTEM: System Common Init Done !!!
 [HOST] [IPU2  ]     23.381504 s:  SYSTEM: System Init in progress !!!
 [HOST] [IPU2  ]     23.381565 s:  SYSTEM: BSP Common Init in progress !!!
 [HOST] [IPU2  ]     23.381656 s:  SYSTEM: BSP Common Init Done !!!
 [HOST] [IPU2  ]     23.381717 s:  SYSTEM: BSP Platform Init in progress !!!
 [HOST] [IPU2  ]     23.387726 s:  SYSTEM: BSP Platform Init Done !!!
 [HOST] [IPU2  ]     23.387787 s:  SYSTEM: FVID2 Init in progress !!!
 [HOST] [IPU2  ]     23.387939 s:  SYSTEM: FVID2 Init Done !!!
 [HOST] [IPU2  ]     23.388000 s:  SYSTEM: VPS Init in progress !!!
 [HOST] [IPU2  ]     23.388061 s:  SYSTEM: VPDMA Descriptor Memory Address translation ENABLED [0x80000000 -> 0x80000000]
 [HOST] [IPU2  ]     23.390715 s: *** VPDMA Firmware Loading... ***
 [HOST] [IPU2  ]     23.390837 s: VPDMA Firmware Address = 0xa03597c0
 [HOST] [IPU2  ]     23.390929 s: VPDMA Load Address     = 0x4897d004
 [HOST] [IPU2  ]     23.391020 s: VPDMA Firmware Version = 0x4d0001b8
 [HOST] [IPU2  ]     23.391112 s: VPDMA List Busy Status = 0x00000000
 [HOST] [IPU2  ]     23.391173 s: *** VPDMA Firmware Load Success ***   77.724044] omap_l3_noc 44000000.ocp: L3 application error: target 3 mod:2 (unclearable)
[   77.754308] omap_l3_noc 44000000.ocp: L3 debug error: target 3 mod:2 (unclearable)

 [HOST] [IPU2  ]     23.391539 s: *** VPDMA Firmware Loading...***
 [HOST] [IPU2  ]     23.391600 s: VPDMA Firmware Address = 0xa03597c0
 [HOST] [IPU2  ]     23.391691 s: VPDMA Load Address     = 0x489dd004
 [HOST] [IPU2  ]     23.391783 s: VPDMA Firmware Version = 0x4d0001b8
 [HOST] [IPU2  ]     23.391874 s: VPDMA List Busy Status = 0x00000000
 [HOST] [IPU2  ]     23.391966 s: *** VPDMA Firmware Load Success ***
 [HOST] [IPU2  ]     23.427987 s:  SYSTEM: VPS Init Done !!!
 [HOST] [IPU2  ]     23.428872 s:  UTILS: DMA: HWI Create for INT25 !!!
 [HOST] [IPU2  ]     23.429116 s:  SYSTEM: SW Message Box Msg Pool, Free Msg Count = 1024 
 [HOST] [IPU2  ]     23.429238 s:  SYSTEM: Heap = LOCAL_DDR            @ 0x00000000, Total size = 262144 B (256 KB), Free size = 259512 B (253 KB)
 [HOST] [IPU2  ]     23.429451 s:  SYSTEM: Heap = SR_OCMC              @ 0x00000000, Total size = 0 B (0 KB), Free size = 0 B (0 KB)
 [HOST] [IPU2  ]     23.429604 s:  SYSTEM: Heap = SR_DDR_CACHED        @ 0x84203000, Total size = 346030080 B (330 MB), Free size = 346030080 B (330 MB)
 [HOST] [IPU2  ]     23.429787 s:  SYSTEM: Heap = SR_DDR_NON_CACHED    @ 0xa0100000, Total size = 1047040 B (0 MB), Free size = 1037824 B (0 MB)
 [HOST] [IPU2  ]     23.429939 s:  SYSTEM: Initializing Links !!! 
 [HOST] [IPU2  ]     23.684163 s:  SYSTEM: Initializing Links ... DONE !!! 
 [HOST] [IPU2  ]     23.686878 s:  CHAINS: Application Started !!!
 VX_ZONE_INIT:Enabled
 VX_ZONE_ERROR:Enabled
 VX_ZONE_WARNING:Enabled
 [HOST] [HOST  ]     83.914445 s:  DUP0 : Init done - linkid-0x0
 [HOST] [HOST  ]     83.914597 s:  DUP1 : Init done - linkid-0x0
 [HOST] [HOST  ]     83.914750 s:  DUP2 : Init done - linkid-0x0
 [HOST] [HOST  ]     83.914902 s:  DUP3 : Init done - linkid-0x0
 [HOST] [HOST  ]     83.915055 s:  DUP4 : Init done - linkid-0x0
 [HOST] [HOST  ]     83.915146 s:  SYNC_0 : Init done - linkid-0x0
 [HOST] [HOST  ]     83.915238 s:  SYNC_1 : Init done - linkid-0x0
 [HOST] [HOST  ]     83.915360 s:  SYNC_2 : Init done - linkid-0x0
 [HOST] [HOST  ]     83.915451 s:  SYNC_3 : Init done - linkid-0x0
 [HOST] [HOST  ]     83.915573 s:  MERGE_0 : Init done - linkid-0x0
 [HOST] [HOST  ]     83.916305 s:  MERGE_1 : Init done - linkid-0x0
 [HOST] [HOST  ]     83.916427 s:  MERGE_2 : Init done - linkid-0x0
 [HOST] [HOST  ]     83.916549 s:  MERGE_3 : Init done - linkid-0x0
 [HOST] [HOST  ]     83.916671 s:  MERGE_4 : Init done - linkid-0x0
 [HOST] [HOST  ]     83.916763 s:  SELECT_0 : Init done - linkid-0x0
 [HOST] [HOST  ]     83.916885 s:  SELECT_1 : Init done - linkid-0x0
 [HOST] [HOST  ]     83.916976 s:  GATE_0 : Init done - linkid-0x0
 [HOST] [HOST  ]     83.917068 s:  GATE_1 : Init done - linkid-0x0
 [HOST] [HOST  ]     83.917129 s:  GATE_2 : Init done - linkid-0x0
 [HOST] [HOST  ]     83.917220 s:  GATE_3 : Init done - linkid-0x0
 [HOST] [HOST  ]     83.917312 s:  SGXFRMCPY_0 : Init done - linkid-0x2000040
 [HOST] [HOST  ]     83.917312 s:  SYSTEM: Initializing A15 Links ... DONE !!! 
 [HOST] [HOST  ]     83.919050 s:  OSA: Adjusting global time, timeH by 0 units!!!
 [HOST] [HOST  ]     84.615384 s:  SYSTEM: System A15 Init Done !!!
 [HOST] [HOST  ]     85.158390 s: 
 [HOST] [HOST  ]  
 [HOST] [HOST  ]  =========
 [HOST] [HOST  ]  Test Menu
 [HOST] [HOST  ]  =========
 [HOST] [HOST  ]  
 [HOST] [HOST  ]  Single Camera Use-cases,
 [HOST] [HOST  ]  ------------------------
 [HOST] [HOST  ]  1: 1CH VIP capture + SGX Copy + DISPLAY
 [HOST] [HOST  ]  
 [HOST] [HOST  ]  Multi-Camera LVDS Use-cases,
 [HOST] [HOST  ]  ----------------------------
 [HOST] [HOST  ]  
 [HOST] [HOST  ]  AVB RX Use-cases, (TDA2x ONLY)
 [HOST] [HOST  ]  ------------------------------
 [HOST] [HOST  ]  
 [HOST] [HOST  ]  OPENVX Usecase, (TDA2x ONLY)
 [HOST] [HOST  ]  ----------------------------
 [HOST] [HOST  ]  m: OpenVX v1.1 Conformance Test
 [HOST] [HOST  ]  q: OpenVX Tutorials
 [HOST] [HOST  ]  
 [HOST] [HOST  ]  p: CPU Status
 [HOST] [HOST  ]  i: Show IP Addr (IPU + NDK + AVB) 
 [HOST] [HOST  ]  
 [HOST] [HOST  ]  s: System Settings 
 [HOST] [HOST  ]  
 [HOST] [HOST  ]  x: Exit 
 [HOST] [HOST  ]  z: Exit - AND SHUTDOWN Remote CPUs
 [HOST] [HOST  ]  
 [HOST] [HOST  ]  Enter Choice: 
 [HOST] [HOST  ]  
m
VxTests version: 1.1-20170301
VCS version: unknown
Build config: Release

[ ======== ] Total 13615 tests from 111 test cases
Use global OpenVX context: FALSE


[ -------- ] tests from tivxIVisionHarrisCorners
[ RUN 0001 ] tivxIVisionHarrisCorners.HarrisCornerOnEve/0/Test_HD_ON_EVE/SCALING_FACTOR=1310/NMS_THRESHOLD=286870912/Q_SHIFT=2/WIN_SIZE=7/SCORE_METHOD=0/SUPPRESSION_METHOD=7 ...
[     DONE ] tivxIVisionHarrisCorners.HarrisCornerOnEve/0/Test_HD_ON_EVE/SCALING_FACTOR=1310/NMS_THRESHOLD=286870912/Q_SHIFT=2/WIN_SIZE=7/SCORE_METHOD=0/SUPPRESSION_METHOD=7
[ -------- ] 1 tests from test case tivxIVisionHarrisCorners

[ -------- ] tests from Graph
[ RUN 0001 ] Graph.TwoNodes ...
[     DONE ] Graph.TwoNodes
[ RUN 0002 ] Graph.GraphFactory ...
[     DONE ] Graph.GraphFactory
[ RUN 0003 ] Graph.VirtualImage ...
[     DONE ] Graph.VirtualImage
[ RUN 0004 ] Graph.VirtualArray ...
[     DONE ] Graph.VirtualArray
[ RUN 0005 ] Graph.NodeRemove ...
[     DONE ] Graph.NodeRemove
[ RUN 0006 ] Graph.NodeFromEnum ...
[     DONE ] Graph.NodeFromEnum
[ RUN 0007 ] Graph.TwoNodesWithSameDst ...
 VX_ZONE_ERROR:[vxVerifyGraph:643] Unable to calculate out nodes and in nodes for each node
 VX_ZONE_ERROR:[vxVerifyGraph:765] Graph verify failed
[     DONE ] Graph.TwoNodesWithSameDst
[ RUN 0008 ] Graph.Cycle ...
 VX_ZONE_ERROR:[vxVerifyGraph:666] Topological sort failed, due to cycles in graph
 VX_ZONE_ERROR:[vxVerifyGraph:765] Graph verify failed
[     DONE ] Graph.Cycle
[ RUN 0009 ] Graph.Cycle2 ...
 VX_ZONE_ERROR:[vxVerifyGraph:666] Topological sort failed, due to cycles in graph
 VX_ZONE_ERROR:[vxVerifyGraph:765] Graph verify failed
[     DONE ] Graph.Cycle2
[ RUN 0010 ] Graph.MultipleRun ...
[     DONE ] Graph.MultipleRun
[ RUN 0011 ] Graph.MultipleRunAsync ...
[     DONE ] Graph.MultipleRunAsync
[ RUN 0012 ] Graph.NodePerformance ...
[     DONE ] Graph.NodePerformance
[ RUN 0013 ] Graph.GraphPerformance ...
[     DONE ] Graph.GraphPerformance
[ RUN 0014 ] Graph.KernelName/0/org.khronos.openvx.color_convert ...
[     DONE ] Graph.KernelName/0/org.khronos.openvx.color_convert
[ RUN 0015 ] Graph.KernelName/1/org.khronos.openvx.channel_extract ...
[     DONE ] Graph.KernelName/1/org.khronos.openvx.channel_extract
[ RUN 0016 ] Graph.KernelName/2/org.khronos.openvx.channel_combine ...
[     DONE ] Graph.KernelName/2/org.khronos.openvx.channel_combine
[ RUN 0017 ] Graph.KernelName/3/org.khronos.openvx.sobel_3x3 ...
[     DONE ] Graph.KernelName/3/org.khronos.openvx.sobel_3x3
[ RUN 0018 ] Graph.KernelName/4/org.khronos.openvx.magnitude ...
[     DONE ] Graph.KernelName/4/org.khronos.openvx.magnitude
[ RUN 0019 ] Graph.KernelName/5/org.khronos.openvx.phase ...
[     DONE ] Graph.KernelName/5/org.khronos.openvx.phase
[ RUN 0020 ] Graph.KernelName/6/org.khronos.openvx.scale_image ...
[     DONE ] Graph.KernelName/6/org.khronos.openvx.scale_image
[ RUN 0021 ] Graph.KernelName/7/org.khronos.openvx.table_lookup ...
[     DONE ] Graph.KernelName/7/org.khronos.openvx.table_lookup
[ RUN 0022 ] Graph.KernelName/8/org.khronos.openvx.histogram ...
[     DONE ] Graph.KernelName/8/org.khronos.openvx.histogram
[ RUN 0023 ] Graph.KernelName/9/org.khronos.openvx.equalize_histogram ...
[     DONE ] Graph.KernelName/9/org.khronos.openvx.equalize_histogram
[ RUN 0024 ] Graph.KernelName/10/org.khronos.openvx.absdiff ...
[     DONE ] Graph.KernelName/10/org.khronos.openvx.absdiff
[ RUN 0025 ] Graph.KernelName/11/org.khronos.openvx.mean_stddev ...
[     DONE ] Graph.KernelName/11/org.khronos.openvx.mean_stddev
[ RUN 0026 ] Graph.KernelName/12/org.khronos.openvx.threshold ...
[     DONE ] Graph.KernelName/12/org.khronos.openvx.threshold
[ RUN 0027 ] Graph.KernelName/13/org.khronos.openvx.integral_image ...
[     DONE ] Graph.KernelName/13/org.khronos.openvx.integral_image
[ RUN 0028 ] Graph.KernelName/14/org.khronos.openvx.dilate_3x3 ...
[     DONE ] Graph.KernelName/14/org.khronos.openvx.dilate_3x3
[ RUN 0029 ] Graph.KernelName/15/org.khronos.openvx.erode_3x3 ...
[     DONE ] Graph.KernelName/15/org.khronos.openvx.erode_3x3
[ RUN 0030 ] Graph.KernelName/16/org.khronos.openvx.median_3x3 ...
[     DONE ] Graph.KernelName/16/org.khronos.openvx.median_3x3
[ RUN 0031 ] Graph.KernelName/17/org.khronos.openvx.box_3x3 ...
[     DONE ] Graph.KernelName/17/org.khronos.openvx.box_3x3
[ RUN 0032 ] Graph.KernelName/18/org.khronos.openvx.gaussian_3x3 ...
[     DONE ] Graph.KernelName/18/org.khronos.openvx.gaussian_3x3
[ RUN 0033 ] Graph.KernelName/19/org.khronos.openvx.custom_convolution ...
[     DONE ] Graph.KernelName/19/org.khronos.openvx.custom_convolution
[ RUN 0034 ] Graph.KernelName/20/org.khronos.openvx.gaussian_pyramid ...
[     DONE ] Graph.KernelName/20/org.khronos.openvx.gaussian_pyramid
[ RUN 0035 ] Graph.KernelName/21/org.khronos.openvx.accumulate ...
[     DONE ] Graph.KernelName/21/org.khronos.openvx.accumulate
[ RUN 0036 ] Graph.KernelName/22/org.khronos.openvx.accumulate_weighted ...
[     DONE ] Graph.KernelName/22/org.khronos.openvx.accumulate_weighted
[ RUN 0037 ] Graph.KernelName/23/org.khronos.openvx.accumulate_square ...
[     DONE ] Graph.KernelName/23/org.khronos.openvx.accumulate_square
[ RUN 0038 ] Graph.KernelName/24/org.khronos.openvx.minmaxloc ...
[     DONE ] Graph.KernelName/24/org.khronos.openvx.minmaxloc
[ RUN 0039 ] Graph.KernelName/25/org.khronos.openvx.convertdepth ...
[     DONE ] Graph.KernelName/25/org.khronos.openvx.convertdepth
[ RUN 0040 ] Graph.KernelName/26/org.khronos.openvx.canny_edge_detector ...
[     DONE ] Graph.KernelName/26/org.khronos.openvx.canny_edge_detector
[ RUN 0041 ] Graph.KernelName/27/org.khronos.openvx.and ...
[     DONE ] Graph.KernelName/27/org.khronos.openvx.and
[ RUN 0042 ] Graph.KernelName/28/org.khronos.openvx.or ...
[     DONE ] Graph.KernelName/28/org.khronos.openvx.or
[ RUN 0043 ] Graph.KernelName/29/org.khronos.openvx.xor ...
[     DONE ] Graph.KernelName/29/org.khronos.openvx.xor
[ RUN 0044 ] Graph.KernelName/30/org.khronos.openvx.not ...
[     DONE ] Graph.KernelName/30/org.khronos.openvx.not
[ RUN 0045 ] Graph.KernelName/31/org.khronos.openvx.multiply ...
[     DONE ] Graph.KernelName/31/org.khronos.openvx.multiply
[ RUN 0046 ] Graph.KernelName/32/org.khronos.openvx.add ...
[     DONE ] Graph.KernelName/32/org.khronos.openvx.add
[ RUN 0047 ] Graph.KernelName/33/org.khronos.openvx.subtract ...
[     DONE ] Graph.KernelName/33/org.khronos.openvx.subtract
[ RUN 0048 ] Graph.KernelName/34/org.khronos.openvx.warp_affine ...
[     DONE ] Graph.KernelName/34/org.khronos.openvx.warp_affine
[ RUN 0049 ] Graph.KernelName/35/org.khronos.openvx.warp_perspective ...
[     DONE ] Graph.KernelName/35/org.khronos.openvx.warp_perspective
[ RUN 0050 ] Graph.KernelName/36/org.khronos.openvx.harris_corners ...
[     DONE ] Graph.KernelName/36/org.khronos.openvx.harris_corners
[ RUN 0051 ] Graph.KernelName/37/org.khronos.openvx.fast_corners ...
[     DONE ] Graph.KernelName/37/org.khronos.openvx.fast_corners
[ RUN 0052 ] Graph.KernelName/38/org.khronos.openvx.optical_flow_pyr_lk ...
[     DONE ] Graph.KernelName/38/org.khronos.openvx.optical_flow_pyr_lk
[ RUN 0053 ] Graph.KernelName/39/org.khronos.openvx.remap ...
[     DONE ] Graph.KernelName/39/org.khronos.openvx.remap
[ RUN 0054 ] Graph.KernelName/40/org.khronos.openvx.halfscale_gaussian ...
[     DONE ] Graph.KernelName/40/org.khronos.openvx.halfscale_gaussian
[ RUN 0055 ] Graph.AllocateUserKernelId ...
[     DONE ] Graph.AllocateUserKernelId
[ RUN 0056 ] Graph.AllocateUserKernelLibraryId ...
[     DONE ] Graph.AllocateUserKernelLibraryId
[ RUN 0057 ] Graph.ReplicateNode/0/random/sz=256x256/REPLICAS=3/PYRAMID:SCALE_HALF/VX_DF_IMAGE_U8/Add ...
[     DONE ] Graph.ReplicateNode/0/random/sz=256x256/REPLICAS=3/PYRAMID:SCALE_HALF/VX_DF_IMAGE_U8/Add
[ RUN 0058 ] Graph.ReplicateNode/1/random/sz=256x256/REPLICAS=3/PYRAMID:SCALE_HALF/VX_DF_IMAGE_U8/Sub ...
[     DONE ] Graph.ReplicateNode/1/random/sz=256x256/REPLICAS=3/PYRAMID:SCALE_HALF/VX_DF_IMAGE_U8/Sub
[ RUN 0059 ] Graph.ReplicateNode/2/random/sz=256x256/REPLICAS=3/PYRAMID:SCALE_HALF/VX_DF_IMAGE_U8/Mul ...
[     DONE ] Graph.ReplicateNode/2/random/sz=256x256/REPLICAS=3/PYRAMID:SCALE_HALF/VX_DF_IMAGE_U8/Mul
[ RUN 0060 ] Graph.ReplicateNode/3/random/sz=256x256/REPLICAS=3/PYRAMID:SCALE_HALF/VX_DF_IMAGE_U8/LUT ...
[     DONE ] Graph.ReplicateNode/3/random/sz=256x256/REPLICAS=3/PYRAMID:SCALE_HALF/VX_DF_IMAGE_U8/LUT
[ RUN 0061 ] Graph.ReplicateNode/4/random/sz=256x256/REPLICAS=3/PYRAMID:SCALE_ORB/VX_DF_IMAGE_U8/Add ...
[     DONE ] Graph.ReplicateNode/4/random/sz=256x256/REPLICAS=3/PYRAMID:SCALE_ORB/VX_DF_IMAGE_U8/Add
[ RUN 0062 ] Graph.ReplicateNode/5/random/sz=256x256/REPLICAS=3/PYRAMID:SCALE_ORB/VX_DF_IMAGE_U8/Sub ...
[     DONE ] Graph.ReplicateNode/5/random/sz=256x256/REPLICAS=3/PYRAMID:SCALE_ORB/VX_DF_IMAGE_U8/Sub
[ RUN 0063 ] Graph.ReplicateNode/6/random/sz=256x256/REPLICAS=3/PYRAMID:SCALE_ORB/VX_DF_IMAGE_U8/Mul ...
[     DONE ] Graph.ReplicateNode/6/random/sz=256x256/REPLICAS=3/PYRAMID:SCALE_ORB/VX_DF_IMAGE_U8/Mul
[ RUN 0064 ] Graph.ReplicateNode/7/random/sz=256x256/REPLICAS=3/PYRAMID:SCALE_ORB/VX_DF_IMAGE_U8/LUT ...
[     DONE ] Graph.ReplicateNode/7/random/sz=256x256/REPLICAS=3/PYRAMID:SCALE_ORB/VX_DF_IMAGE_U8/LUT
[ RUN 0065 ] Graph.ReplicateNode/8/random/sz=256x256/REPLICAS=3/OBJECT_ARRAY/VX_DF_IMAGE_U8/Add ...
[     DONE ] Graph.ReplicateNode/8/random/sz=256x256/REPLICAS=3/OBJECT_ARRAY/VX_DF_IMAGE_U8/Add
[ RUN 0066 ] Graph.ReplicateNode/9/random/sz=256x256/REPLICAS=3/OBJECT_ARRAY/VX_DF_IMAGE_U8/Sub ...
[     DONE ] Graph.ReplicateNode/9/random/sz=256x256/REPLICAS=3/OBJECT_ARRAY/VX_DF_IMAGE_U8/Sub
[ RUN 0067 ] Graph.ReplicateNode/10/random/sz=256x256/REPLICAS=3/OBJECT_ARRAY/VX_DF_IMAGE_U8/Mul ...
[     DONE ] Graph.ReplicateNode/10/random/sz=256x256/REPLICAS=3/OBJECT_ARRAY/VX_DF_IMAGE_U8/Mul
[ RUN 0068 ] Graph.ReplicateNode/11/random/sz=256x256/REPLICAS=3/OBJECT_ARRAY/VX_DF_IMAGE_U8/LUT ...
[     DONE ] Graph.ReplicateNode/11/random/sz=256x256/REPLICAS=3/OBJECT_ARRAY/VX_DF_IMAGE_U8/LUT
[ RUN 0069 ] Graph.ReplicateNode/12/random/sz=256x256/REPLICAS=4/PYRAMID:SCALE_HALF/VX_DF_IMAGE_U8/Add ...
[     DONE ] Graph.ReplicateNode/12/random/sz=256x256/REPLICAS=4/PYRAMID:SCALE_HALF/VX_DF_IMAGE_U8/Add
[ RUN 0070 ] Graph.ReplicateNode/13/random/sz=256x256/REPLICAS=4/PYRAMID:SCALE_HALF/VX_DF_IMAGE_U8/Sub ...
[     DONE ] Graph.ReplicateNode/13/random/sz=256x256/REPLICAS=4/PYRAMID:SCALE_HALF/VX_DF_IMAGE_U8/Sub
[ RUN 0071 ] Graph.ReplicateNode/14/random/sz=256x256/REPLICAS=4/PYRAMID:SCALE_HALF/VX_DF_IMAGE_U8/Mul ...
[     DONE ] Graph.ReplicateNode/14/random/sz=256x256/REPLICAS=4/PYRAMID:SCALE_HALF/VX_DF_IMAGE_U8/Mul
[ RUN 0072 ] Graph.ReplicateNode/15/random/sz=256x256/REPLICAS=4/PYRAMID:SCALE_HALF/VX_DF_IMAGE_U8/LUT ...
[     DONE ] Graph.ReplicateNode/15/random/sz=256x256/REPLICAS=4/PYRAMID:SCALE_HALF/VX_DF_IMAGE_U8/LUT
[ RUN 0073 ] Graph.ReplicateNode/16/random/sz=256x256/REPLICAS=4/PYRAMID:SCALE_ORB/VX_DF_IMAGE_U8/Add ...
[     DONE ] Graph.ReplicateNode/16/random/sz=256x256/REPLICAS=4/PYRAMID:SCALE_ORB/VX_DF_IMAGE_U8/Add
[ RUN 0074 ] Graph.ReplicateNode/17/random/sz=256x256/REPLICAS=4/PYRAMID:SCALE_ORB/VX_DF_IMAGE_U8/Sub ...
[     DONE ] Graph.ReplicateNode/17/random/sz=256x256/REPLICAS=4/PYRAMID:SCALE_ORB/VX_DF_IMAGE_U8/Sub
[ RUN 0075 ] Graph.ReplicateNode/18/random/sz=256x256/REPLICAS=4/PYRAMID:SCALE_ORB/VX_DF_IMAGE_U8/Mul ...
[     DONE ] Graph.ReplicateNode/18/random/sz=256x256/REPLICAS=4/PYRAMID:SCALE_ORB/VX_DF_IMAGE_U8/Mul
[ RUN 0076 ] Graph.ReplicateNode/19/random/sz=256x256/REPLICAS=4/PYRAMID:SCALE_ORB/VX_DF_IMAGE_U8/LUT ...
[     DONE ] Graph.ReplicateNode/19/random/sz=256x256/REPLICAS=4/PYRAMID:SCALE_ORB/VX_DF_IMAGE_U8/LUT
[ RUN 0077 ] Graph.ReplicateNode/20/random/sz=256x256/REPLICAS=4/OBJECT_ARRAY/VX_DF_IMAGE_U8/Add ...
[     DONE ] Graph.ReplicateNode/20/random/sz=256x256/REPLICAS=4/OBJECT_ARRAY/VX_DF_IMAGE_U8/Add
[ RUN 0078 ] Graph.ReplicateNode/21/random/sz=256x256/REPLICAS=4/OBJECT_ARRAY/VX_DF_IMAGE_U8/Sub ...
[     DONE ] Graph.ReplicateNode/21/random/sz=256x256/REPLICAS=4/OBJECT_ARRAY/VX_DF_IMAGE_U8/Sub
[ RUN 0079 ] Graph.ReplicateNode/22/random/sz=256x256/REPLICAS=4/OBJECT_ARRAY/VX_DF_IMAGE_U8/Mul ...
[     DONE ] Graph.ReplicateNode/22/random/sz=256x256/REPLICAS=4/OBJECT_ARRAY/VX_DF_IMAGE_U8/Mul
[ RUN 0080 ] Graph.ReplicateNode/23/random/sz=256x256/REPLICAS=4/OBJECT_ARRAY/VX_DF_IMAGE_U8/LUT ...
[     DONE ] Graph.ReplicateNode/23/random/sz=256x256/REPLICAS=4/OBJECT_ARRAY/VX_DF_IMAGE_U8/LUT
[ RUN 0081 ] Graph.ReplicateNode/24/random/sz=640x480/REPLICAS=3/PYRAMID:SCALE_HALF/VX_DF_IMAGE_U8/Add ...
[     DONE ] Graph.ReplicateNode/24/random/sz=640x480/REPLICAS=3/PYRAMID:SCALE_HALF/VX_DF_IMAGE_U8/Add
[ RUN 0082 ] Graph.ReplicateNode/25/random/sz=640x480/REPLICAS=3/PYRAMID:SCALE_HALF/VX_DF_IMAGE_U8/Sub ...
[     DONE ] Graph.ReplicateNode/25/random/sz=640x480/REPLICAS=3/PYRAMID:SCALE_HALF/VX_DF_IMAGE_U8/Sub
[ RUN 0083 ] Graph.ReplicateNode/26/random/sz=640x480/REPLICAS=3/PYRAMID:SCALE_HALF/VX_DF_IMAGE_U8/Mul ...
[     DONE ] Graph.ReplicateNode/26/random/sz=640x480/REPLICAS=3/PYRAMID:SCALE_HALF/VX_DF_IMAGE_U8/Mul
[ RUN 0084 ] Graph.ReplicateNode/27/random/sz=640x480/REPLICAS=3/PYRAMID:SCALE_HALF/VX_DF_IMAGE_U8/LUT ...
[     DONE ] Graph.ReplicateNode/27/random/sz=640x480/REPLICAS=3/PYRAMID:SCALE_HALF/VX_DF_IMAGE_U8/LUT
[ RUN 0085 ] Graph.ReplicateNode/28/random/sz=640x480/REPLICAS=3/PYRAMID:SCALE_ORB/VX_DF_IMAGE_U8/Add ...
[     DONE ] Graph.ReplicateNode/28/random/sz=640x480/REPLICAS=3/PYRAMID:SCALE_ORB/VX_DF_IMAGE_U8/Add
[ RUN 0086 ] Graph.ReplicateNode/29/random/sz=640x480/REPLICAS=3/PYRAMID:SCALE_ORB/VX_DF_IMAGE_U8/Sub ...
[     DONE ] Graph.ReplicateNode/29/random/sz=640x480/REPLICAS=3/PYRAMID:SCALE_ORB/VX_DF_IMAGE_U8/Sub
[ RUN 0087 ] Graph.ReplicateNode/30/random/sz=640x480/REPLICAS=3/PYRAMID:SCALE_ORB/VX_DF_IMAGE_U8/Mul ...
[     DONE ] Graph.ReplicateNode/30/random/sz=640x480/REPLICAS=3/PYRAMID:SCALE_ORB/VX_DF_IMAGE_U8/Mul
[ RUN 0088 ] Graph.ReplicateNode/31/random/sz=640x480/REPLICAS=3/PYRAMID:SCALE_ORB/VX_DF_IMAGE_U8/LUT ...
[     DONE ] Graph.ReplicateNode/31/random/sz=640x480/REPLICAS=3/PYRAMID:SCALE_ORB/VX_DF_IMAGE_U8/LUT
[ RUN 0089 ] Graph.ReplicateNode/32/random/sz=640x480/REPLICAS=3/OBJECT_ARRAY/VX_DF_IMAGE_U8/Add ...
[     DONE ] Graph.ReplicateNode/32/random/sz=640x480/REPLICAS=3/OBJECT_ARRAY/VX_DF_IMAGE_U8/Add
[ RUN 0090 ] Graph.ReplicateNode/33/random/sz=640x480/REPLICAS=3/OBJECT_ARRAY/VX_DF_IMAGE_U8/Sub ...
[     DONE ] Graph.ReplicateNode/33/random/sz=640x480/REPLICAS=3/OBJECT_ARRAY/VX_DF_IMAGE_U8/Sub
[ RUN 0091 ] Graph.ReplicateNode/34/random/sz=640x480/REPLICAS=3/OBJECT_ARRAY/VX_DF_IMAGE_U8/Mul ...
[     DONE ] Graph.ReplicateNode/34/random/sz=640x480/REPLICAS=3/OBJECT_ARRAY/VX_DF_IMAGE_U8/Mul
[ RUN 0092 ] Graph.ReplicateNode/35/random/sz=640x480/REPLICAS=3/OBJECT_ARRAY/VX_DF_IMAGE_U8/LUT ...
[     DONE ] Graph.ReplicateNode/35/random/sz=640x480/REPLICAS=3/OBJECT_ARRAY/VX_DF_IMAGE_U8/LUT
[ RUN 0093 ] Graph.ReplicateNode/36/random/sz=640x480/REPLICAS=4/PYRAMID:SCALE_HALF/VX_DF_IMAGE_U8/Add ...
[     DONE ] Graph.ReplicateNode/36/random/sz=640x480/REPLICAS=4/PYRAMID:SCALE_HALF/VX_DF_IMAGE_U8/Add
[ RUN 0094 ] Graph.ReplicateNode/37/random/sz=640x480/REPLICAS=4/PYRAMID:SCALE_HALF/VX_DF_IMAGE_U8/Sub ...
[     DONE ] Graph.ReplicateNode/37/random/sz=640x480/REPLICAS=4/PYRAMID:SCALE_HALF/VX_DF_IMAGE_U8/Sub
[ RUN 0095 ] Graph.ReplicateNode/38/random/sz=640x480/REPLICAS=4/PYRAMID:SCALE_HALF/VX_DF_IMAGE_U8/Mul ...
[     DONE ] Graph.ReplicateNode/38/random/sz=640x480/REPLICAS=4/PYRAMID:SCALE_HALF/VX_DF_IMAGE_U8/Mul
[ RUN 0096 ] Graph.ReplicateNode/39/random/sz=640x480/REPLICAS=4/PYRAMID:SCALE_HALF/VX_DF_IMAGE_U8/LUT ...
[     DONE ] Graph.ReplicateNode/39/random/sz=640x480/REPLICAS=4/PYRAMID:SCALE_HALF/VX_DF_IMAGE_U8/LUT
[ RUN 0097 ] Graph.ReplicateNode/40/random/sz=640x480/REPLICAS=4/PYRAMID:SCALE_ORB/VX_DF_IMAGE_U8/Add ...
[     DONE ] Graph.ReplicateNode/40/random/sz=640x480/REPLICAS=4/PYRAMID:SCALE_ORB/VX_DF_IMAGE_U8/Add
[ RUN 0098 ] Graph.ReplicateNode/41/random/sz=640x480/REPLICAS=4/PYRAMID:SCALE_ORB/VX_DF_IMAGE_U8/Sub ...
[     DONE ] Graph.ReplicateNode/41/random/sz=640x480/REPLICAS=4/PYRAMID:SCALE_ORB/VX_DF_IMAGE_U8/Sub
[ RUN 0099 ] Graph.ReplicateNode/42/random/sz=640x480/REPLICAS=4/PYRAMID:SCALE_ORB/VX_DF_IMAGE_U8/Mul ...
[     DONE ] Graph.ReplicateNode/42/random/sz=640x480/REPLICAS=4/PYRAMID:SCALE_ORB/VX_DF_IMAGE_U8/Mul
[ RUN 0100 ] Graph.ReplicateNode/43/random/sz=640x480/REPLICAS=4/PYRAMID:SCALE_ORB/VX_DF_IMAGE_U8/LUT ...
[     DONE ] Graph.ReplicateNode/43/random/sz=640x480/REPLICAS=4/PYRAMID:SCALE_ORB/VX_DF_IMAGE_U8/LUT
[ RUN 0101 ] Graph.ReplicateNode/44/random/sz=640x480/REPLICAS=4/OBJECT_ARRAY/VX_DF_IMAGE_U8/Add ...
[     DONE ] Graph.ReplicateNode/44/random/sz=640x480/REPLICAS=4/OBJECT_ARRAY/VX_DF_IMAGE_U8/Add
[ RUN 0102 ] Graph.ReplicateNode/45/random/sz=640x480/REPLICAS=4/OBJECT_ARRAY/VX_DF_IMAGE_U8/Sub ...
[     DONE ] Graph.ReplicateNode/45/random/sz=640x480/REPLICAS=4/OBJECT_ARRAY/VX_DF_IMAGE_U8/Sub
[ RUN 0103 ] Graph.ReplicateNode/46/random/sz=640x480/REPLICAS=4/OBJECT_ARRAY/VX_DF_IMAGE_U8/Mul ...
[     DONE ] Graph.ReplicateNode/46/random/sz=640x480/REPLICAS=4/OBJECT_ARRAY/VX_DF_IMAGE_U8/Mul
[ RUN 0104 ] Graph.ReplicateNode/47/random/sz=640x480/REPLICAS=4/OBJECT_ARRAY/VX_DF_IMAGE_U8/LUT ...
[     DONE ] Graph.ReplicateNode/47/random/sz=640x480/REPLICAS=4/OBJECT_ARRAY/VX_DF_IMAGE_U8/LUT
[ RUN 0105 ] Graph.ImageContainmentRelationship ...
[     DONE ] Graph.ImageContainmentRelationship
[ RUN 0106 ] Graph.VerifyGraphLeak/0/func/vxOpticalFlowPyrLKNode ...
[     DONE ] Graph.VerifyGraphLeak/0/func/vxOpticalFlowPyrLKNode
[ RUN 0107 ] Graph.VerifyGraphLeak/1/func/vxGaussianPyramidNode ...
[     DONE ] Graph.VerifyGraphLeak/1/func/vxGaussianPyramidNode
[ RUN 0108 ] Graph.VerifyGraphLeak/2/func/vxCannyEdgeDetectorNode ...
[     DONE ] Graph.VerifyGraphLeak/2/func/vxCannyEdgeDetectorNode
[ RUN 0109 ] Graph.VerifyGraphLeak/3/func/vxHarrisCornersNode ...
[     DONE ] Graph.VerifyGraphLeak/3/func/vxHarrisCornersNode
[ RUN 0110 ] Graph.VerifyGraphLeak/4/func/vxHalfScaleGausianNode ...
[     DONE ] Graph.VerifyGraphLeak/4/func/vxHalfScaleGausianNode
[ RUN 0111 ] Graph.VerifyGraphLeak/5/func/vxLaplacianPyramidNode ...
[     DONE ] Graph.VerifyGraphLeak/5/func/vxLaplacianPyramidNode
[ RUN 0112 ] Graph.VerifyGraphLeak/6/func/vxLaplacianReconstructNode ...
[     DONE ] Graph.VerifyGraphLeak/6/func/vxLaplacianReconstructNode
[ RUN 0113 ] Graph.GraphState ...
[     DONE ] Graph.GraphState
[ -------- ] 113 tests from test case Graph

[ -------- ] tests from GraphCallback
[ RUN 0001 ] GraphCallback.Continue ...
[     DONE ] GraphCallback.Continue
[ RUN 0002 ] GraphCallback.Abandon ...
[     DONE ] GraphCallback.Abandon
[ RUN 0003 ] GraphCallback.CallbackOrder/0/Forward ...
[     DONE ] GraphCallback.CallbackOrder/0/Forward
[ RUN 0004 ] GraphCallback.CallbackOrder/1/Reverse ...
[     DONE ] GraphCallback.CallbackOrder/1/Reverse
[ -------- ] 4 tests from test case GraphCallback

[ -------- ] tests from GraphDelay
[ RUN 0001 ] GraphDelay.Simple ...
[     DONE ] GraphDelay.Simple
[ RUN 0002 ] GraphDelay.Pyramid ...
[     DONE ] GraphDelay.Pyramid
[ RUN 0003 ] GraphDelay.RegisterAutoAging ...
[     DONE ] GraphDelay.RegisterAutoAging
[ -------- ] 3 tests from test case GraphDelay

[ -------- ] tests from GraphROI
[ RUN 0001 ] GraphROI.Simple ...
[     DONE ] GraphROI.Simple
[ RUN 0002 ] GraphROI.CallbackOrder/0/Forward ...
[     DONE ] GraphROI.CallbackOrder/0/Forward
[ RUN 0003 ] GraphROI.CallbackOrder/1/Reverse ...
[     DONE ] GraphROI.CallbackOrder/1/Reverse
[ -------- ] 3 tests from test case GraphROI

[ -------- ] tests from Array
[ RUN 0001 ] Array.vxCreateArray/0/array/VX_TYPE_CHAR ...
[     DONE ] Array.vxCreateArray/0/array/VX_TYPE_CHAR
[ RUN 0002 ] Array.vxCreateArray/1/array/VX_TYPE_INT8 ...
[     DONE ] Array.vxCreateArray/1/array/VX_TYPE_INT8
[ RUN 0003 ] Array.vxCreateArray/2/array/VX_TYPE_UINT8 ...
[     DONE ] Array.vxCreateArray/2/array/VX_TYPE_UINT8
[ RUN 0004 ] Array.vxCreateArray/3/array/VX_TYPE_INT16 ...
[     DONE ] Array.vxCreateArray/3/array/VX_TYPE_INT16
[ RUN 0005 ] Array.vxCreateArray/4/array/VX_TYPE_UINT16 ...
[     DONE ] Array.vxCreateArray/4/array/VX_TYPE_UINT16
[ RUN 0006 ] Array.vxCreateArray/5/array/VX_TYPE_INT32 ...
[     DONE ] Array.vxCreateArray/5/array/VX_TYPE_INT32
[ RUN 0007 ] Array.vxCreateArray/6/array/VX_TYPE_UINT32 ...
[     DONE ] Array.vxCreateArray/6/array/VX_TYPE_UINT32
[ RUN 0008 ] Array.vxCreateArray/7/array/VX_TYPE_INT64 ...
[     DONE ] Array.vxCreateArray/7/array/VX_TYPE_INT64
[ RUN 0009 ] Array.vxCreateArray/8/array/VX_TYPE_UINT64 ...
[     DONE ] Array.vxCreateArray/8/array/VX_TYPE_UINT64
[ RUN 0010 ] Array.vxCreateArray/9/array/VX_TYPE_FLOAT32 ...
[     DONE ] Array.vxCreateArray/9/array/VX_TYPE_FLOAT32
[ RUN 0011 ] Array.vxCreateArray/10/array/VX_TYPE_FLOAT64 ...
[     DONE ] Array.vxCreateArray/10/array/VX_TYPE_FLOAT64
[ RUN 0012 ] Array.vxCreateArray/11/array/VX_TYPE_ENUM ...
[     DONE ] Array.vxCreateArray/11/array/VX_TYPE_ENUM
[ RUN 0013 ] Array.vxCreateArray/12/array/VX_TYPE_SIZE ...
[     DONE ] Array.vxCreateArray/12/array/VX_TYPE_SIZE
[ RUN 0014 ] Array.vxCreateArray/13/array/VX_TYPE_DF_IMAGE ...
[     DONE ] Array.vxCreateArray/13/array/VX_TYPE_DF_IMAGE
[ RUN 0015 ] Array.vxCreateArray/14/array/VX_TYPE_BOOL ...
[     DONE ] Array.vxCreateArray/14/array/VX_TYPE_BOOL
[ RUN 0016 ] Array.vxCreateArray/15/array/VX_TYPE_RECTANGLE ...
[     DONE ] Array.vxCreateArray/15/array/VX_TYPE_RECTANGLE
[ RUN 0017 ] Array.vxCreateArray/16/array/VX_TYPE_KEYPOINT ...
[     DONE ] Array.vxCreateArray/16/array/VX_TYPE_KEYPOINT
[ RUN 0018 ] Array.vxCreateArray/17/array/VX_TYPE_COORDINATES2D ...
[     DONE ] Array.vxCreateArray/17/array/VX_TYPE_COORDINATES2D
[ RUN 0019 ] Array.vxCreateArray/18/array/VX_TYPE_COORDINATES3D ...
[     DONE ] Array.vxCreateArray/18/array/VX_TYPE_COORDINATES3D
[ RUN 0020 ] Array.vxCreateArray/19/array/VX_TYPE_USER_STRUCT_START ...
[     DONE ] Array.vxCreateArray/19/array/VX_TYPE_USER_STRUCT_START
[ RUN 0021 ] Array.vxCopyArrayRangeRead ...
[     DONE ] Array.vxCopyArrayRangeRead
[ RUN 0022 ] Array.vxCopyArrayRangeWrite ...
[     DONE ] Array.vxCopyArrayRangeWrite
[ RUN 0023 ] Array.vxMapArrayRangeWrite ...
[     DONE ] Array.vxMapArrayRangeWrite
[ -------- ] 23 tests from test case Array

[ -------- ] tests from ObjectArray
[ RUN 0001 ] ObjectArray.vxCreateObjectArray/0/object_array/VX_TYPE_IMAGE ...
[     DONE ] ObjectArray.vxCreateObjectArray/0/object_array/VX_TYPE_IMAGE
[ RUN 0002 ] ObjectArray.vxCreateObjectArray/1/object_array/VX_TYPE_ARRAY ...
[     DONE ] ObjectArray.vxCreateObjectArray/1/object_array/VX_TYPE_ARRAY
[ RUN 0003 ] ObjectArray.vxCreateObjectArray/2/object_array/VX_TYPE_PYRAMID ...
[     DONE ] ObjectArray.vxCreateObjectArray/2/object_array/VX_TYPE_PYRAMID
[ RUN 0004 ] ObjectArray.vxCreateObjectArray/3/object_array/VX_TYPE_SCALAR ...
[     DONE ] ObjectArray.vxCreateObjectArray/3/object_array/VX_TYPE_SCALAR
[ RUN 0005 ] ObjectArray.vxCreateObjectArray/4/object_array/VX_TYPE_MATRIX ...
[     DONE ] ObjectArray.vxCreateObjectArray/4/object_array/VX_TYPE_MATRIX
[ RUN 0006 ] ObjectArray.vxCreateObjectArray/5/object_array/VX_TYPE_DISTRIBUTION ...
[     DONE ] ObjectArray.vxCreateObjectArray/5/object_array/VX_TYPE_DISTRIBUTION
[ RUN 0007 ] ObjectArray.vxCreateObjectArray/6/object_array/VX_TYPE_REMAP ...
[     DONE ] ObjectArray.vxCreateObjectArray/6/object_array/VX_TYPE_REMAP
[ RUN 0008 ] ObjectArray.vxCreateObjectArray/7/object_array/VX_TYPE_LUT ...
[     DONE ] ObjectArray.vxCreateObjectArray/7/object_array/VX_TYPE_LUT
[ RUN 0009 ] ObjectArray.vxCreateObjectArray/8/object_array/VX_TYPE_THRESHOLD ...
[     DONE ] ObjectArray.vxCreateObjectArray/8/object_array/VX_TYPE_THRESHOLD
[ -------- ] 9 tests from test case ObjectArray

[ -------- ] tests from Image
[ RUN 0001 ] Image.RngImageCreation/0/VX_DF_IMAGE_U8 ...
[     DONE ] Image.RngImageCreation/0/VX_DF_IMAGE_U8
[ RUN 0002 ] Image.RngImageCreation/1/VX_DF_IMAGE_U16 ...
[     DONE ] Image.RngImageCreation/1/VX_DF_IMAGE_U16
[ RUN 0003 ] Image.RngImageCreation/2/VX_DF_IMAGE_S16 ...
[     DONE ] Image.RngImageCreation/2/VX_DF_IMAGE_S16
[ RUN 0004 ] Image.RngImageCreation/3/VX_DF_IMAGE_U32 ...
[     DONE ] Image.RngImageCreation/3/VX_DF_IMAGE_U32
[ RUN 0005 ] Image.RngImageCreation/4/VX_DF_IMAGE_S32 ...
[     DONE ] Image.RngImageCreation/4/VX_DF_IMAGE_S32
[ RUN 0006 ] Image.RngImageCreation/5/VX_DF_IMAGE_RGB ...
[     DONE ] Image.RngImageCreation/5/VX_DF_IMAGE_RGB
[ RUN 0007 ] Image.RngImageCreation/6/VX_DF_IMAGE_RGBX ...
[     DONE ] Image.RngImageCreation/6/VX_DF_IMAGE_RGBX
[ RUN 0008 ] Image.RngImageCreation/7/VX_DF_IMAGE_NV12 ...
[     DONE ] Image.RngImageCreation/7/VX_DF_IMAGE_NV12
[ RUN 0009 ] Image.RngImageCreation/8/VX_DF_IMAGE_NV21 ...
[     DONE ] Image.RngImageCreation/8/VX_DF_IMAGE_NV21
[ RUN 0010 ] Image.RngImageCreation/9/VX_DF_IMAGE_UYVY ...
[     DONE ] Image.RngImageCreation/9/VX_DF_IMAGE_UYVY
[ RUN 0011 ] Image.RngImageCreation/10/VX_DF_IMAGE_YUYV ...
[     DONE ] Image.RngImageCreation/10/VX_DF_IMAGE_YUYV
[ RUN 0012 ] Image.RngImageCreation/11/VX_DF_IMAGE_IYUV ...
[     DONE ] Image.RngImageCreation/11/VX_DF_IMAGE_IYUV
[ RUN 0013 ] Image.RngImageCreation/12/VX_DF_IMAGE_YUV4 ...
[     DONE ] Image.RngImageCreation/12/VX_DF_IMAGE_YUV4
[ RUN 0014 ] Image.RngImageCreation/13/VX_DF_IMAGE_VIRT ...
[     DONE ] Image.RngImageCreation/13/VX_DF_IMAGE_VIRT
[ RUN 0015 ] Image.VirtualImageCreation/0/VX_DF_IMAGE_U8 ...
[     DONE ] Image.VirtualImageCreation/0/VX_DF_IMAGE_U8
[ RUN 0016 ] Image.VirtualImageCreation/1/VX_DF_IMAGE_U16 ...
[     DONE ] Image.VirtualImageCreation/1/VX_DF_IMAGE_U16
[ RUN 0017 ] Image.VirtualImageCreation/2/VX_DF_IMAGE_S16 ...
[     DONE ] Image.VirtualImageCreation/2/VX_DF_IMAGE_S16
[ RUN 0018 ] Image.VirtualImageCreation/3/VX_DF_IMAGE_U32 ...
[     DONE ] Image.VirtualImageCreation/3/VX_DF_IMAGE_U32
[ RUN 0019 ] Image.VirtualImageCreation/4/VX_DF_IMAGE_S32 ...
[     DONE ] Image.VirtualImageCreation/4/VX_DF_IMAGE_S32
[ RUN 0020 ] Image.VirtualImageCreation/5/VX_DF_IMAGE_RGB ...
[     DONE ] Image.VirtualImageCreation/5/VX_DF_IMAGE_RGB
[ RUN 0021 ] Image.VirtualImageCreation/6/VX_DF_IMAGE_RGBX ...
[     DONE ] Image.VirtualImageCreation/6/VX_DF_IMAGE_RGBX
[ RUN 0022 ] Image.VirtualImageCreation/7/VX_DF_IMAGE_NV12 ...
[     DONE ] Image.VirtualImageCreation/7/VX_DF_IMAGE_NV12
[ RUN 0023 ] Image.VirtualImageCreation/8/VX_DF_IMAGE_NV21 ...
[     DONE ] Image.VirtualImageCreation/8/VX_DF_IMAGE_NV21
[ RUN 0024 ] Image.VirtualImageCreation/9/VX_DF_IMAGE_UYVY ...
[     DONE ] Image.VirtualImageCreation/9/VX_DF_IMAGE_UYVY
[ RUN 0025 ] Image.VirtualImageCreation/10/VX_DF_IMAGE_YUYV ...
[     DONE ] Image.VirtualImageCreation/10/VX_DF_IMAGE_YUYV
[ RUN 0026 ] Image.VirtualImageCreation/11/VX_DF_IMAGE_IYUV ...
[     DONE ] Image.VirtualImageCreation/11/VX_DF_IMAGE_IYUV
[ RUN 0027 ] Image.VirtualImageCreation/12/VX_DF_IMAGE_YUV4 ...
[     DONE ] Image.VirtualImageCreation/12/VX_DF_IMAGE_YUV4
[ RUN 0028 ] Image.VirtualImageCreation/13/VX_DF_IMAGE_VIRT ...
[     DONE ] Image.VirtualImageCreation/13/VX_DF_IMAGE_VIRT
[ RUN 0029 ] Image.VirtualImageCreationDims/0/0_0_REAL ...
[     DONE ] Image.VirtualImageCreationDims/0/0_0_REAL
[ RUN 0030 ] Image.VirtualImageCreationDims/3/4_4_REAL ...
[     DONE ] Image.VirtualImageCreationDims/3/4_4_REAL
[ RUN 0031 ] Image.VirtualImageCreationDims/4/0_0_VIRT ...
[     DONE ] Image.VirtualImageCreationDims/4/0_0_VIRT
[ RUN 0032 ] Image.VirtualImageCreationDims/7/4_4_VIRT ...
[     DONE ] Image.VirtualImageCreationDims/7/4_4_VIRT
[ RUN 0033 ] Image.CreateImageFromHandle/0/rand/sz=16x16/VX_DF_IMAGE_U8 ...
[     DONE ] Image.CreateImageFromHandle/0/rand/sz=16x16/VX_DF_IMAGE_U8
[ RUN 0034 ] Image.CreateImageFromHandle/1/rand/sz=16x16/VX_DF_IMAGE_U16 ...
[     DONE ] Image.CreateImageFromHandle/1/rand/sz=16x16/VX_DF_IMAGE_U16
[ RUN 0035 ] Image.CreateImageFromHandle/2/rand/sz=16x16/VX_DF_IMAGE_S16 ...
[     DONE ] Image.CreateImageFromHandle/2/rand/sz=16x16/VX_DF_IMAGE_S16
[ RUN 0036 ] Image.CreateImageFromHandle/3/rand/sz=16x16/VX_DF_IMAGE_U32 ...
[     DONE ] Image.CreateImageFromHandle/3/rand/sz=16x16/VX_DF_IMAGE_U32
[ RUN 0037 ] Image.CreateImageFromHandle/4/rand/sz=16x16/VX_DF_IMAGE_S32 ...
[     DONE ] Image.CreateImageFromHandle/4/rand/sz=16x16/VX_DF_IMAGE_S32
[ RUN 0038 ] Image.CreateImageFromHandle/5/rand/sz=16x16/VX_DF_IMAGE_RGB ...
[     DONE ] Image.CreateImageFromHandle/5/rand/sz=16x16/VX_DF_IMAGE_RGB
[ RUN 0039 ] Image.CreateImageFromHandle/6/rand/sz=16x16/VX_DF_IMAGE_RGBX ...
[     DONE ] Image.CreateImageFromHandle/6/rand/sz=16x16/VX_DF_IMAGE_RGBX
[ RUN 0040 ] Image.CreateImageFromHandle/7/rand/sz=16x16/VX_DF_IMAGE_UYVY ...
[     DONE ] Image.CreateImageFromHandle/7/rand/sz=16x16/VX_DF_IMAGE_UYVY
[ RUN 0041 ] Image.CreateImageFromHandle/8/rand/sz=16x16/VX_DF_IMAGE_YUYV ...
[     DONE ] Image.CreateImageFromHandle/8/rand/sz=16x16/VX_DF_IMAGE_YUYV
[ RUN 0042 ] Image.CreateImageFromHandle/9/rand/sz=16x16/VX_DF_IMAGE_NV12 ...
[     DONE ] Image.CreateImageFromHandle/9/rand/sz=16x16/VX_DF_IMAGE_NV12
[ RUN 0043 ] Image.CreateImageFromHandle/10/rand/sz=16x16/VX_DF_IMAGE_NV21 ...
[     DONE ] Image.CreateImageFromHandle/10/rand/sz=16x16/VX_DF_IMAGE_NV21
[ RUN 0044 ] Image.CreateImageFromHandle/11/rand/sz=16x16/VX_DF_IMAGE_YUV4 ...
[     DONE ] Image.CreateImageFromHandle/11/rand/sz=16x16/VX_DF_IMAGE_YUV4
[ RUN 0045 ] Image.CreateImageFromHandle/12/rand/sz=16x16/VX_DF_IMAGE_IYUV ...
[     DONE ] Image.CreateImageFromHandle/12/rand/sz=16x16/VX_DF_IMAGE_IYUV
[ RUN 0046 ] Image.CreateImageFromHandle/13/rand/sz=256x256/VX_DF_IMAGE_U8 ...
[     DONE ] Image.CreateImageFromHandle/13/rand/sz=256x256/VX_DF_IMAGE_U8
[ RUN 0047 ] Image.CreateImageFromHandle/14/rand/sz=256x256/VX_DF_IMAGE_U16 ...
[     DONE ] Image.CreateImageFromHandle/14/rand/sz=256x256/VX_DF_IMAGE_U16
[ RUN 0048 ] Image.CreateImageFromHandle/15/rand/sz=256x256/VX_DF_IMAGE_S16 ...
[     DONE ] Image.CreateImageFromHandle/15/rand/sz=256x256/VX_DF_IMAGE_S16
[ RUN 0049 ] Image.CreateImageFromHandle/16/rand/sz=256x256/VX_DF_IMAGE_U32 ...
[     DONE ] Image.CreateImageFromHandle/16/rand/sz=256x256/VX_DF_IMAGE_U32
[ RUN 0050 ] Image.CreateImageFromHandle/17/rand/sz=256x256/VX_DF_IMAGE_S32 ...
[     DONE ] Image.CreateImageFromHandle/17/rand/sz=256x256/VX_DF_IMAGE_S32
[ RUN 0051 ] Image.CreateImageFromHandle/18/rand/sz=256x256/VX_DF_IMAGE_RGB ...
[     DONE ] Image.CreateImageFromHandle/18/rand/sz=256x256/VX_DF_IMAGE_RGB
[ RUN 0052 ] Image.CreateImageFromHandle/19/rand/sz=256x256/VX_DF_IMAGE_RGBX ...
[     DONE ] Image.CreateImageFromHandle/19/rand/sz=256x256/VX_DF_IMAGE_RGBX
[ RUN 0053 ] Image.CreateImageFromHandle/20/rand/sz=256x256/VX_DF_IMAGE_UYVY ...
[     DONE ] Image.CreateImageFromHandle/20/rand/sz=256x256/VX_DF_IMAGE_UYVY
[ RUN 0054 ] Image.CreateImageFromHandle/21/rand/sz=256x256/VX_DF_IMAGE_YUYV ...
[     DONE ] Image.CreateImageFromHandle/21/rand/sz=256x256/VX_DF_IMAGE_YUYV
[ RUN 0055 ] Image.CreateImageFromHandle/22/rand/sz=256x256/VX_DF_IMAGE_NV12 ...
[     DONE ] Image.CreateImageFromHandle/22/rand/sz=256x256/VX_DF_IMAGE_NV12
[ RUN 0056 ] Image.CreateImageFromHandle/23/rand/sz=256x256/VX_DF_IMAGE_NV21 ...
[     DONE ] Image.CreateImageFromHandle/23/rand/sz=256x256/VX_DF_IMAGE_NV21
[ RUN 0057 ] Image.CreateImageFromHandle/24/rand/sz=256x256/VX_DF_IMAGE_YUV4 ...
[     DONE ] Image.CreateImageFromHandle/24/rand/sz=256x256/VX_DF_IMAGE_YUV4
[ RUN 0058 ] Image.CreateImageFromHandle/25/rand/sz=256x256/VX_DF_IMAGE_IYUV ...
[     DONE ] Image.CreateImageFromHandle/25/rand/sz=256x256/VX_DF_IMAGE_IYUV
[ RUN 0059 ] Image.CreateImageFromHandle/26/rand/sz=640x480/VX_DF_IMAGE_U8 ...
[     DONE ] Image.CreateImageFromHandle/26/rand/sz=640x480/VX_DF_IMAGE_U8
[ RUN 0060 ] Image.CreateImageFromHandle/27/rand/sz=640x480/VX_DF_IMAGE_U16 ...
[     DONE ] Image.CreateImageFromHandle/27/rand/sz=640x480/VX_DF_IMAGE_U16
[ RUN 0061 ] Image.CreateImageFromHandle/28/rand/sz=640x480/VX_DF_IMAGE_S16 ...
[     DONE ] Image.CreateImageFromHandle/28/rand/sz=640x480/VX_DF_IMAGE_S16
[ RUN 0062 ] Image.CreateImageFromHandle/29/rand/sz=640x480/VX_DF_IMAGE_U32 ...
[     DONE ] Image.CreateImageFromHandle/29/rand/sz=640x480/VX_DF_IMAGE_U32
[ RUN 0063 ] Image.CreateImageFromHandle/30/rand/sz=640x480/VX_DF_IMAGE_S32 ...
[     DONE ] Image.CreateImageFromHandle/30/rand/sz=640x480/VX_DF_IMAGE_S32
[ RUN 0064 ] Image.CreateImageFromHandle/31/rand/sz=640x480/VX_DF_IMAGE_RGB ...
[     DONE ] Image.CreateImageFromHandle/31/rand/sz=640x480/VX_DF_IMAGE_RGB
[ RUN 0065 ] Image.CreateImageFromHandle/32/rand/sz=640x480/VX_DF_IMAGE_RGBX ...
[     DONE ] Image.CreateImageFromHandle/32/rand/sz=640x480/VX_DF_IMAGE_RGBX
[ RUN 0066 ] Image.CreateImageFromHandle/33/rand/sz=640x480/VX_DF_IMAGE_UYVY ...
[     DONE ] Image.CreateImageFromHandle/33/rand/sz=640x480/VX_DF_IMAGE_UYVY
[ RUN 0067 ] Image.CreateImageFromHandle/34/rand/sz=640x480/VX_DF_IMAGE_YUYV ...
[     DONE ] Image.CreateImageFromHandle/34/rand/sz=640x480/VX_DF_IMAGE_YUYV
[ RUN 0068 ] Image.CreateImageFromHandle/35/rand/sz=640x480/VX_DF_IMAGE_NV12 ...
[     DONE ] Image.CreateImageFromHandle/35/rand/sz=640x480/VX_DF_IMAGE_NV12
[ RUN 0069 ] Image.CreateImageFromHandle/36/rand/sz=640x480/VX_DF_IMAGE_NV21 ...
[     DONE ] Image.CreateImageFromHandle/36/rand/sz=640x480/VX_DF_IMAGE_NV21
[ RUN 0070 ] Image.CreateImageFromHandle/37/rand/sz=640x480/VX_DF_IMAGE_YUV4 ...
[     DONE ] Image.CreateImageFromHandle/37/rand/sz=640x480/VX_DF_IMAGE_YUV4
[ RUN 0071 ] Image.CreateImageFromHandle/38/rand/sz=640x480/VX_DF_IMAGE_IYUV ...
[     DONE ] Image.CreateImageFromHandle/38/rand/sz=640x480/VX_DF_IMAGE_IYUV
[ RUN 0072 ] Image.SwapImageHandle/0/rand/sz=16x16/VX_DF_IMAGE_U8/ROI=true ...
[     DONE ] Image.SwapImageHandle/0/rand/sz=16x16/VX_DF_IMAGE_U8/ROI=true
[ RUN 0073 ] Image.SwapImageHandle/1/rand/sz=16x16/VX_DF_IMAGE_U8/ROI=false ...
[     DONE ] Image.SwapImageHandle/1/rand/sz=16x16/VX_DF_IMAGE_U8/ROI=false
[ RUN 0074 ] Image.SwapImageHandle/2/rand/sz=16x16/VX_DF_IMAGE_U16/ROI=true ...
[     DONE ] Image.SwapImageHandle/2/rand/sz=16x16/VX_DF_IMAGE_U16/ROI=true
[ RUN 0075 ] Image.SwapImageHandle/3/rand/sz=16x16/VX_DF_IMAGE_U16/ROI=false ...
[     DONE ] Image.SwapImageHandle/3/rand/sz=16x16/VX_DF_IMAGE_U16/ROI=false
[ RUN 0076 ] Image.SwapImageHandle/4/rand/sz=16x16/VX_DF_IMAGE_S16/ROI=true ...
[     DONE ] Image.SwapImageHandle/4/rand/sz=16x16/VX_DF_IMAGE_S16/ROI=true
[ RUN 0077 ] Image.SwapImageHandle/5/rand/sz=16x16/VX_DF_IMAGE_S16/ROI=false ...
[     DONE ] Image.SwapImageHandle/5/rand/sz=16x16/VX_DF_IMAGE_S16/ROI=false
[ RUN 0078 ] Image.SwapImageHandle/6/rand/sz=16x16/VX_DF_IMAGE_U32/ROI=true ...
[     DONE ] Image.SwapImageHandle/6/rand/sz=16x16/VX_DF_IMAGE_U32/ROI=true
[ RUN 0079 ] Image.SwapImageHandle/7/rand/sz=16x16/VX_DF_IMAGE_U32/ROI=false ...
[     DONE ] Image.SwapImageHandle/7/rand/sz=16x16/VX_DF_IMAGE_U32/ROI=false
[ RUN 0080 ] Image.SwapImageHandle/8/rand/sz=16x16/VX_DF_IMAGE_S32/ROI=true ...
[     DONE ] Image.SwapImageHandle/8/rand/sz=16x16/VX_DF_IMAGE_S32/ROI=true
[ RUN 0081 ] Image.SwapImageHandle/9/rand/sz=16x16/VX_DF_IMAGE_S32/ROI=false ...
[     DONE ] Image.SwapImageHandle/9/rand/sz=16x16/VX_DF_IMAGE_S32/ROI=false
[ RUN 0082 ] Image.SwapImageHandle/10/rand/sz=16x16/VX_DF_IMAGE_RGB/ROI=true ...
[     DONE ] Image.SwapImageHandle/10/rand/sz=16x16/VX_DF_IMAGE_RGB/ROI=true
[ RUN 0083 ] Image.SwapImageHandle/11/rand/sz=16x16/VX_DF_IMAGE_RGB/ROI=false ...
[     DONE ] Image.SwapImageHandle/11/rand/sz=16x16/VX_DF_IMAGE_RGB/ROI=false
[ RUN 0084 ] Image.SwapImageHandle/12/rand/sz=16x16/VX_DF_IMAGE_RGBX/ROI=true ...
[     DONE ] Image.SwapImageHandle/12/rand/sz=16x16/VX_DF_IMAGE_RGBX/ROI=true
[ RUN 0085 ] Image.SwapImageHandle/13/rand/sz=16x16/VX_DF_IMAGE_RGBX/ROI=false ...
[     DONE ] Image.SwapImageHandle/13/rand/sz=16x16/VX_DF_IMAGE_RGBX/ROI=false
[ RUN 0086 ] Image.SwapImageHandle/14/rand/sz=16x16/VX_DF_IMAGE_UYVY/ROI=true ...
[     DONE ] Image.SwapImageHandle/14/rand/sz=16x16/VX_DF_IMAGE_UYVY/ROI=true
[ RUN 0087 ] Image.SwapImageHandle/15/rand/sz=16x16/VX_DF_IMAGE_UYVY/ROI=false ...
[     DONE ] Image.SwapImageHandle/15/rand/sz=16x16/VX_DF_IMAGE_UYVY/ROI=false
[ RUN 0088 ] Image.SwapImageHandle/16/rand/sz=16x16/VX_DF_IMAGE_YUYV/ROI=true ...
[     DONE ] Image.SwapImageHandle/16/rand/sz=16x16/VX_DF_IMAGE_YUYV/ROI=true
[ RUN 0089 ] Image.SwapImageHandle/17/rand/sz=16x16/VX_DF_IMAGE_YUYV/ROI=false ...
[     DONE ] Image.SwapImageHandle/17/rand/sz=16x16/VX_DF_IMAGE_YUYV/ROI=false
[ RUN 0090 ] Image.SwapImageHandle/18/rand/sz=16x16/VX_DF_IMAGE_NV12/ROI=true ...
[     DONE ] Image.SwapImageHandle/18/rand/sz=16x16/VX_DF_IMAGE_NV12/ROI=true
[ RUN 0091 ] Image.SwapImageHandle/19/rand/sz=16x16/VX_DF_IMAGE_NV12/ROI=false ...
[     DONE ] Image.SwapImageHandle/19/rand/sz=16x16/VX_DF_IMAGE_NV12/ROI=false
[ RUN 0092 ] Image.SwapImageHandle/20/rand/sz=16x16/VX_DF_IMAGE_NV21/ROI=true ...
[     DONE ] Image.SwapImageHandle/20/rand/sz=16x16/VX_DF_IMAGE_NV21/ROI=true
[ RUN 0093 ] Image.SwapImageHandle/21/rand/sz=16x16/VX_DF_IMAGE_NV21/ROI=false ...
[     DONE ] Image.SwapImageHandle/21/rand/sz=16x16/VX_DF_IMAGE_NV21/ROI=false
[ RUN 0094 ] Image.SwapImageHandle/22/rand/sz=16x16/VX_DF_IMAGE_YUV4/ROI=true ...
[     DONE ] Image.SwapImageHandle/22/rand/sz=16x16/VX_DF_IMAGE_YUV4/ROI=true
[ RUN 0095 ] Image.SwapImageHandle/23/rand/sz=16x16/VX_DF_IMAGE_YUV4/ROI=false ...
[     DONE ] Image.SwapImageHandle/23/rand/sz=16x16/VX_DF_IMAGE_YUV4/ROI=false
[ RUN 0096 ] Image.SwapImageHandle/24/rand/sz=16x16/VX_DF_IMAGE_IYUV/ROI=true ...
[     DONE ] Image.SwapImageHandle/24/rand/sz=16x16/VX_DF_IMAGE_IYUV/ROI=true
[ RUN 0097 ] Image.SwapImageHandle/25/rand/sz=16x16/VX_DF_IMAGE_IYUV/ROI=false ...
[     DONE ] Image.SwapImageHandle/25/rand/sz=16x16/VX_DF_IMAGE_IYUV/ROI=false
[ RUN 0098 ] Image.SwapImageHandle/26/rand/sz=256x256/VX_DF_IMAGE_U8/ROI=true ...
[     DONE ] Image.SwapImageHandle/26/rand/sz=256x256/VX_DF_IMAGE_U8/ROI=true
[ RUN 0099 ] Image.SwapImageHandle/27/rand/sz=256x256/VX_DF_IMAGE_U8/ROI=false ...
[     DONE ] Image.SwapImageHandle/27/rand/sz=256x256/VX_DF_IMAGE_U8/ROI=false
[ RUN 0100 ] Image.SwapImageHandle/28/rand/sz=256x256/VX_DF_IMAGE_U16/ROI=true ...
[     DONE ] Image.SwapImageHandle/28/rand/sz=256x256/VX_DF_IMAGE_U16/ROI=true
[ RUN 0101 ] Image.SwapImageHandle/29/rand/sz=256x256/VX_DF_IMAGE_U16/ROI=false ...
[     DONE ] Image.SwapImageHandle/29/rand/sz=256x256/VX_DF_IMAGE_U16/ROI=false
[ RUN 0102 ] Image.SwapImageHandle/30/rand/sz=256x256/VX_DF_IMAGE_S16/ROI=true ...
[     DONE ] Image.SwapImageHandle/30/rand/sz=256x256/VX_DF_IMAGE_S16/ROI=true
[ RUN 0103 ] Image.SwapImageHandle/31/rand/sz=256x256/VX_DF_IMAGE_S16/ROI=false ...
[     DONE ] Image.SwapImageHandle/31/rand/sz=256x256/VX_DF_IMAGE_S16/ROI=false
[ RUN 0104 ] Image.SwapImageHandle/32/rand/sz=256x256/VX_DF_IMAGE_U32/ROI=true ...
[     DONE ] Image.SwapImageHandle/32/rand/sz=256x256/VX_DF_IMAGE_U32/ROI=true
[ RUN 0105 ] Image.SwapImageHandle/33/rand/sz=256x256/VX_DF_IMAGE_U32/ROI=false ...
[     DONE ] Image.SwapImageHandle/33/rand/sz=256x256/VX_DF_IMAGE_U32/ROI=false
[ RUN 0106 ] Image.SwapImageHandle/34/rand/sz=256x256/VX_DF_IMAGE_S32/ROI=true ...
[     DONE ] Image.SwapImageHandle/34/rand/sz=256x256/VX_DF_IMAGE_S32/ROI=true
[ RUN 0107 ] Image.SwapImageHandle/35/rand/sz=256x256/VX_DF_IMAGE_S32/ROI=false ...
[     DONE ] Image.SwapImageHandle/35/rand/sz=256x256/VX_DF_IMAGE_S32/ROI=false
[ RUN 0108 ] Image.SwapImageHandle/36/rand/sz=256x256/VX_DF_IMAGE_RGB/ROI=true ...
[     DONE ] Image.SwapImageHandle/36/rand/sz=256x256/VX_DF_IMAGE_RGB/ROI=true
[ RUN 0109 ] Image.SwapImageHandle/37/rand/sz=256x256/VX_DF_IMAGE_RGB/ROI=false ...
[     DONE ] Image.SwapImageHandle/37/rand/sz=256x256/VX_DF_IMAGE_RGB/ROI=false
[ RUN 0110 ] Image.SwapImageHandle/38/rand/sz=256x256/VX_DF_IMAGE_RGBX/ROI=true ...
[     DONE ] Image.SwapImageHandle/38/rand/sz=256x256/VX_DF_IMAGE_RGBX/ROI=true
[ RUN 0111 ] Image.SwapImageHandle/39/rand/sz=256x256/VX_DF_IMAGE_RGBX/ROI=false ...
[     DONE ] Image.SwapImageHandle/39/rand/sz=256x256/VX_DF_IMAGE_RGBX/ROI=false
[ RUN 0112 ] Image.SwapImageHandle/40/rand/sz=256x256/VX_DF_IMAGE_UYVY/ROI=true ...
[     DONE ] Image.SwapImageHandle/40/rand/sz=256x256/VX_DF_IMAGE_UYVY/ROI=true
[ RUN 0113 ] Image.SwapImageHandle/41/rand/sz=256x256/VX_DF_IMAGE_UYVY/ROI=false ...
[     DONE ] Image.SwapImageHandle/41/rand/sz=256x256/VX_DF_IMAGE_UYVY/ROI=false
[ RUN 0114 ] Image.SwapImageHandle/42/rand/sz=256x256/VX_DF_IMAGE_YUYV/ROI=true ...
[     DONE ] Image.SwapImageHandle/42/rand/sz=256x256/VX_DF_IMAGE_YUYV/ROI=true
[ RUN 0115 ] Image.SwapImageHandle/43/rand/sz=256x256/VX_DF_IMAGE_YUYV/ROI=false ...
[     DONE ] Image.SwapImageHandle/43/rand/sz=256x256/VX_DF_IMAGE_YUYV/ROI=false
